Archive member included to satisfy reference by file (symbol)

/Applications/STM32CubeIDE.app/Contents/Eclipse/plugins/com.st.stm32cube.ide.mcu.externaltools.gnu-tools-for-stm32.13.3.rel1.macos64_1.0.0.202411102158/tools/bin/../lib/gcc/arm-none-eabi/13.3.1/../../../../arm-none-eabi/lib/thumb/v6-m/nofp/libc_nano.a(libc_a-exit.o)
                              /Applications/STM32CubeIDE.app/Contents/Eclipse/plugins/com.st.stm32cube.ide.mcu.externaltools.gnu-tools-for-stm32.13.3.rel1.macos64_1.0.0.202411102158/tools/bin/../lib/gcc/arm-none-eabi/13.3.1/../../../../arm-none-eabi/lib/thumb/v6-m/nofp/crt0.o (exit)
/Applications/STM32CubeIDE.app/Contents/Eclipse/plugins/com.st.stm32cube.ide.mcu.externaltools.gnu-tools-for-stm32.13.3.rel1.macos64_1.0.0.202411102158/tools/bin/../lib/gcc/arm-none-eabi/13.3.1/../../../../arm-none-eabi/lib/thumb/v6-m/nofp/libc_nano.a(libc_a-findfp.o)
                              /Applications/STM32CubeIDE.app/Contents/Eclipse/plugins/com.st.stm32cube.ide.mcu.externaltools.gnu-tools-for-stm32.13.3.rel1.macos64_1.0.0.202411102158/tools/bin/../lib/gcc/arm-none-eabi/13.3.1/../../../../arm-none-eabi/lib/thumb/v6-m/nofp/libc_nano.a(libc_a-exit.o) (__stdio_exit_handler)
/Applications/STM32CubeIDE.app/Contents/Eclipse/plugins/com.st.stm32cube.ide.mcu.externaltools.gnu-tools-for-stm32.13.3.rel1.macos64_1.0.0.202411102158/tools/bin/../lib/gcc/arm-none-eabi/13.3.1/../../../../arm-none-eabi/lib/thumb/v6-m/nofp/libc_nano.a(libc_a-fwalk.o)
                              /Applications/STM32CubeIDE.app/Contents/Eclipse/plugins/com.st.stm32cube.ide.mcu.externaltools.gnu-tools-for-stm32.13.3.rel1.macos64_1.0.0.202411102158/tools/bin/../lib/gcc/arm-none-eabi/13.3.1/../../../../arm-none-eabi/lib/thumb/v6-m/nofp/libc_nano.a(libc_a-findfp.o) (_fwalk_sglue)
/Applications/STM32CubeIDE.app/Contents/Eclipse/plugins/com.st.stm32cube.ide.mcu.externaltools.gnu-tools-for-stm32.13.3.rel1.macos64_1.0.0.202411102158/tools/bin/../lib/gcc/arm-none-eabi/13.3.1/../../../../arm-none-eabi/lib/thumb/v6-m/nofp/libc_nano.a(libc_a-memset.o)
                              /Applications/STM32CubeIDE.app/Contents/Eclipse/plugins/com.st.stm32cube.ide.mcu.externaltools.gnu-tools-for-stm32.13.3.rel1.macos64_1.0.0.202411102158/tools/bin/../lib/gcc/arm-none-eabi/13.3.1/../../../../arm-none-eabi/lib/thumb/v6-m/nofp/crt0.o (memset)
/Applications/STM32CubeIDE.app/Contents/Eclipse/plugins/com.st.stm32cube.ide.mcu.externaltools.gnu-tools-for-stm32.13.3.rel1.macos64_1.0.0.202411102158/tools/bin/../lib/gcc/arm-none-eabi/13.3.1/../../../../arm-none-eabi/lib/thumb/v6-m/nofp/libc_nano.a(libc_a-errno.o)
                              ./Core/Src/syscalls.o (__errno)
/Applications/STM32CubeIDE.app/Contents/Eclipse/plugins/com.st.stm32cube.ide.mcu.externaltools.gnu-tools-for-stm32.13.3.rel1.macos64_1.0.0.202411102158/tools/bin/../lib/gcc/arm-none-eabi/13.3.1/../../../../arm-none-eabi/lib/thumb/v6-m/nofp/libc_nano.a(libc_a-init.o)
                              /Applications/STM32CubeIDE.app/Contents/Eclipse/plugins/com.st.stm32cube.ide.mcu.externaltools.gnu-tools-for-stm32.13.3.rel1.macos64_1.0.0.202411102158/tools/bin/../lib/gcc/arm-none-eabi/13.3.1/../../../../arm-none-eabi/lib/thumb/v6-m/nofp/crt0.o (__libc_init_array)
/Applications/STM32CubeIDE.app/Contents/Eclipse/plugins/com.st.stm32cube.ide.mcu.externaltools.gnu-tools-for-stm32.13.3.rel1.macos64_1.0.0.202411102158/tools/bin/../lib/gcc/arm-none-eabi/13.3.1/../../../../arm-none-eabi/lib/thumb/v6-m/nofp/libc_nano.a(libc_a-lock.o)
                              /Applications/STM32CubeIDE.app/Contents/Eclipse/plugins/com.st.stm32cube.ide.mcu.externaltools.gnu-tools-for-stm32.13.3.rel1.macos64_1.0.0.202411102158/tools/bin/../lib/gcc/arm-none-eabi/13.3.1/../../../../arm-none-eabi/lib/thumb/v6-m/nofp/libc_nano.a(libc_a-findfp.o) (__retarget_lock_init_recursive)
/Applications/STM32CubeIDE.app/Contents/Eclipse/plugins/com.st.stm32cube.ide.mcu.externaltools.gnu-tools-for-stm32.13.3.rel1.macos64_1.0.0.202411102158/tools/bin/../lib/gcc/arm-none-eabi/13.3.1/../../../../arm-none-eabi/lib/thumb/v6-m/nofp/libc_nano.a(libc_a-impure.o)
                              /Applications/STM32CubeIDE.app/Contents/Eclipse/plugins/com.st.stm32cube.ide.mcu.externaltools.gnu-tools-for-stm32.13.3.rel1.macos64_1.0.0.202411102158/tools/bin/../lib/gcc/arm-none-eabi/13.3.1/../../../../arm-none-eabi/lib/thumb/v6-m/nofp/libc_nano.a(libc_a-errno.o) (_impure_ptr)
/Applications/STM32CubeIDE.app/Contents/Eclipse/plugins/com.st.stm32cube.ide.mcu.externaltools.gnu-tools-for-stm32.13.3.rel1.macos64_1.0.0.202411102158/tools/bin/../lib/gcc/arm-none-eabi/13.3.1/../../../../arm-none-eabi/lib/thumb/v6-m/nofp/libc_nano.a(libc_a-mallocr.o)
                              /Applications/STM32CubeIDE.app/Contents/Eclipse/plugins/com.st.stm32cube.ide.mcu.externaltools.gnu-tools-for-stm32.13.3.rel1.macos64_1.0.0.202411102158/tools/bin/../lib/gcc/arm-none-eabi/13.3.1/../../../../arm-none-eabi/lib/thumb/v6-m/nofp/libc_nano.a(libc_a-findfp.o) (_malloc_r)
[...]
Memory Configuration

Name             Origin             Length             Attributes
RAM              0x20000000         0x00006000         xrw
FLASH            0x08000000         0x00020000         xr
*default*        0x00000000         0xffffffff

Linker script and memory map

LOAD /Applications/STM32CubeIDE.app/Contents/Eclipse/plugins/com.st.stm32cube.ide.mcu.externaltools.gnu-tools-for-stm32.13.3.rel1.macos64_1.0.0.202411102158/tools/bin/../lib/gcc/arm-none-eabi/13.3.1/thumb/v6-m/nofp/crti.o
LOAD /Applications/STM32CubeIDE.app/Contents/Eclipse/plugins/com.st.stm32cube.ide.mcu.externaltools.gnu-tools-for-stm32.13.3.rel1.macos64_1.0.0.202411102158/tools/bin/../lib/gcc/arm-none-eabi/13.3.1/thumb/v6-m/nofp/crtbegin.o
LOAD /Applications/STM32CubeIDE.app/Contents/Eclipse/plugins/com.st.stm32cube.ide.mcu.externaltools.gnu-tools-for-stm32.13.3.rel1.macos64_1.0.0.202411102158/tools/bin/../lib/gcc/arm-none-eabi/13.3.1/../../../../arm-none-eabi/lib/thumb/v6-m/nofp/crt0.o
LOAD ./Core/Src/bus.o
LOAD ./Core/Src/cpu.o
LOAD ./Core/Src/gpio.o
LOAD ./Core/Src/gui.o
LOAD ./Core/Src/main.o
LOAD ./Core/Src/stm32c0xx_hal_msp.o
LOAD ./Core/Src/stm32c0xx_it.o
LOAD ./Core/Src/syscalls.o
LOAD ./Core/Src/sysmem.o
LOAD ./Core/Src/system_stm32c0xx.o
LOAD ./Core/Src/systick.o
LOAD ./Core/Src/uart.o
LOAD ./Core/Startup/startup_stm32c071rbixn.o
LOAD ./Drivers/STM32C0xx_HAL_Driver/Src/stm32c0xx_hal.o
LOAD ./Drivers/STM32C0xx_HAL_Driver/Src/stm32c0xx_hal_cortex.o
LOAD ./Drivers/STM32C0xx_HAL_Driver/Src/stm32c0xx_hal_dma.o
LOAD ./Drivers/STM32C0xx_HAL_Driver/Src/stm32c0xx_hal_dma_ex.o
LOAD ./Drivers/STM32C0xx_HAL_Driver/Src/stm32c0xx_hal_exti.o
LOAD ./Drivers/STM32C0xx_HAL_Driver/Src/stm32c0xx_hal_flash.o
LOAD ./Drivers/STM32C0xx_HAL_Driver/Src/stm32c0xx_hal_flash_ex.o
LOAD ./Drivers/STM32C0xx_HAL_Driver/Src/stm32c0xx_hal_gpio.o
LOAD ./Drivers/STM32C0xx_HAL_Driver/Src/stm32c0xx_hal_pwr.o
LOAD ./Drivers/STM32C0xx_HAL_Driver/Src/stm32c0xx_hal_pwr_ex.o
LOAD ./Drivers/STM32C0xx_HAL_Driver/Src/stm32c0xx_hal_rcc.o
LOAD ./Drivers/STM32C0xx_HAL_Driver/Src/stm32c0xx_hal_rcc_ex.o
START GROUP
LOAD /Applications/STM32CubeIDE.app/Contents/Eclipse/plugins/com.st.stm32cube.ide.mcu.externaltools.gnu-tools-for-stm32.13.3.rel1.macos64_1.0.0.202411102158/tools/bin/../lib/gcc/arm-none-eabi/13.3.1/../../../../arm-none-eabi/lib/thumb/v6-m/nofp/libc_nano.a
LOAD /Applications/STM32CubeIDE.app/Contents/Eclipse/plugins/com.st.stm32cube.ide.mcu.externaltools.gnu-tools-for-stm32.13.3.rel1.macos64_1.0.0.202411102158/tools/bin/../lib/gcc/arm-none-eabi/13.3.1/../../../../arm-none-eabi/lib/thumb/v6-m/nofp/libm.a
END GROUP
START GROUP
LOAD /Applications/STM32CubeIDE.app/Contents/Eclipse/plugins/com.st.stm32cube.ide.mcu.externaltools.gnu-tools-for-stm32.13.3.rel1.macos64_1.0.0.202411102158/tools/bin/../lib/gcc/arm-none-eabi/13.3.1/thumb/v6-m/nofp/libgcc.a
LOAD /Applications/STM32CubeIDE.app/Contents/Eclipse/plugins/com.st.stm32cube.ide.mcu.externaltools.gnu-tools-for-stm32.13.3.rel1.macos64_1.0.0.202411102158/tools/bin/../lib/gcc/arm-none-eabi/13.3.1/../../../../arm-none-eabi/lib/thumb/v6-m/nofp/libc_nano.a
END GROUP
START GROUP
LOAD /Applications/STM32CubeIDE.app/Contents/Eclipse/plugins/com.st.stm32cube.ide.mcu.externaltools.gnu-tools-for-stm32.13.3.rel1.macos64_1.0.0.202411102158/tools/bin/../lib/gcc/arm-none-eabi/13.3.1/thumb/v6-m/nofp/libgcc.a
LOAD /Applications/STM32CubeIDE.app/Contents/Eclipse/plugins/com.st.stm32cube.ide.mcu.externaltools.gnu-tools-for-stm32.13.3.rel1.macos64_1.0.0.202411102158/tools/bin/../lib/gcc/arm-none-eabi/13.3.1/../../../../arm-none-eabi/lib/thumb/v6-m/nofp/libc_nano.a
LOAD /Applications/STM32CubeIDE.app/Contents/Eclipse/plugins/com.st.stm32cube.ide.mcu.externaltools.gnu-tools-for-stm32.13.3.rel1.macos64_1.0.0.202411102158/tools/bin/../lib/gcc/arm-none-eabi/13.3.1/../../../../arm-none-eabi/lib/thumb/v6-m/nofp/libnosys.a
END GROUP
START GROUP
LOAD /Applications/STM32CubeIDE.app/Contents/Eclipse/plugins/com.st.stm32cube.ide.mcu.externaltools.gnu-tools-for-stm32.13.3.rel1.macos64_1.0.0.202411102158/tools/bin/../lib/gcc/arm-none-eabi/13.3.1/thumb/v6-m/nofp/libgcc.a
LOAD /Applications/STM32CubeIDE.app/Contents/Eclipse/plugins/com.st.stm32cube.ide.mcu.externaltools.gnu-tools-for-stm32.13.3.rel1.macos64_1.0.0.202411102158/tools/bin/../lib/gcc/arm-none-eabi/13.3.1/../../../../arm-none-eabi/lib/thumb/v6-m/nofp/libc_nano.a
LOAD /Applications/STM32CubeIDE.app/Contents/Eclipse/plugins/com.st.stm32cube.ide.mcu.externaltools.gnu-tools-for-stm32.13.3.rel1.macos64_1.0.0.202411102158/tools/bin/../lib/gcc/arm-none-eabi/13.3.1/../../../../arm-none-eabi/lib/thumb/v6-m/nofp/libnosys.a
END GROUP
LOAD /Applications/STM32CubeIDE.app/Contents/Eclipse/plugins/com.st.stm32cube.ide.mcu.externaltools.gnu-tools-for-stm32.13.3.rel1.macos64_1.0.0.202411102158/tools/bin/../lib/gcc/arm-none-eabi/13.3.1/thumb/v6-m/nofp/crtend.o
LOAD /Applications/STM32CubeIDE.app/Contents/Eclipse/plugins/com.st.stm32cube.ide.mcu.externaltools.gnu-tools-for-stm32.13.3.rel1.macos64_1.0.0.202411102158/tools/bin/../lib/gcc/arm-none-eabi/13.3.1/thumb/v6-m/nofp/crtn.o
                0x20006000                        _estack = (ORIGIN (RAM) + LENGTH (RAM))
                0x00000200                        _Min_Heap_Size = 0x200
                0x00000400                        _Min_Stack_Size = 0x400

.isr_vector     0x08000000       0xc0
                0x08000000                        . = ALIGN (0x4)
 *(.isr_vector)
 .isr_vector    0x08000000       0xc0 ./Core/Startup/startup_stm32c071rbixn.o
                0x08000000                g_pfnVectors
                0x080000c0                        . = ALIGN (0x4)

.text           0x080000c0      0xe74
                0x080000c0                        . = ALIGN (0x4)
 *(.text)
 .text          0x080000c0       0x48 /Applications/STM32CubeIDE.app/Contents/Eclipse/plugins/com.st.stm32cube.ide.mcu.externaltools.gnu-tools-for-stm32.13.3.rel1.macos64_1.0.0.202411102158/tools/bin/../lib/gcc/arm-none-eabi/13.3.1/thumb/v6-m/nofp/crtbegin.o
 .text          0x08000108      0x114 /Applications/STM32CubeIDE.app/Contents/Eclipse/plugins/com.st.stm32cube.ide.mcu.externaltools.gnu-tools-for-stm32.13.3.rel1.macos64_1.0.0.202411102158/tools/bin/../lib/gcc/arm-none-eabi/13.3.1/thumb/v6-m/nofp/libgcc.a(_udivsi3.o)
                0x08000108                __udivsi3
                0x08000108                __aeabi_uidiv
                0x08000214                __aeabi_uidivmod
 .text          0x0800021c        0x4 /Applications/STM32CubeIDE.app/Contents/Eclipse/plugins/com.st.stm32cube.ide.mcu.externaltools.gnu-tools-for-stm32.13.3.rel1.macos64_1.0.0.202411102158/tools/bin/../lib/gcc/arm-none-eabi/13.3.1/thumb/v6-m/nofp/libgcc.a(_dvmd_tls.o)
                0x0800021c                __aeabi_ldiv0
                0x0800021c                __aeabi_idiv0
 *(.text*)
 .text.bus_reset
                0x08000220       0x1c ./Core/Src/bus.o
                0x08000220                bus_reset
 .text.bus_read
                0x0800023c       0x58 ./Core/Src/bus.o
                0x0800023c                bus_read
 .text.bus_write
                0x08000294       0x70 ./Core/Src/bus.o
                0x08000294                bus_write
 .text.set_zn_flag
                0x08000304       0x66 ./Core/Src/cpu.o
 .text.op_adc   0x0800036a       0xbc ./Core/Src/cpu.o
 *fill*         0x08000426        0x2 
 .text.cpu_reset
                0x08000428       0x78 ./Core/Src/cpu.o
                0x08000428                cpu_reset
 .text.fetch_imn
                0x080004a0       0x32 ./Core/Src/cpu.o
                0x080004a0                fetch_imn
 .text.fetch_abs
                0x080004d2       0x6e ./Core/Src/cpu.o
                0x080004d2                fetch_abs
 .text.push_stack
                0x08000540       0x38 ./Core/Src/cpu.o
 .text.pull_stack
                0x08000578       0x2e ./Core/Src/cpu.o
 *fill*         0x080005a6        0x2 
 .text.cpu_step
                0x080005a8      0x354 ./Core/Src/cpu.o
                0x080005a8                cpu_step
 .text.gpio_write_led
                0x080008fc       0x30 ./Core/Src/gpio.o
                0x080008fc                gpio_write_led
 .text.to_hex_char
                0x0800092c       0x3a ./Core/Src/gui.o
 .text.term_print_hex
                0x08000966       0x48 ./Core/Src/gui.o
 .text.term_print_uint
                0x080009ae       0x42 ./Core/Src/gui.o
 .text.term_init
                0x080009f0       0x18 ./Core/Src/gui.o
                0x080009f0                term_init
 .text.term_update_dashboard
                0x08000a08      0x184 ./Core/Src/gui.o
                0x08000a08                term_update_dashboard
 .text.main     0x08000b8c      0x100 ./Core/Src/main.o
                0x08000b8c                main
 .text.NMI_Handler
                0x08000c8c        0x8 ./Core/Src/stm32c0xx_it.o
                0x08000c8c                NMI_Handler
 .text.HardFault_Handler
                0x08000c94        0x8 ./Core/Src/stm32c0xx_it.o
                0x08000c94                HardFault_Handler
 .text.SVC_Handler
                0x08000c9c        0xa ./Core/Src/stm32c0xx_it.o
                0x08000c9c                SVC_Handler
 .text.PendSV_Handler
                0x08000ca6        0xa ./Core/Src/stm32c0xx_it.o
                0x08000ca6                PendSV_Handler
 .text.SysTick_Handler
                0x08000cb0        0xe ./Core/Src/stm32c0xx_it.o
                0x08000cb0                SysTick_Handler
 *fill*         0x08000cbe        0x2 
 .text.SystemInit
                0x08000cc0       0x18 ./Core/Src/system_stm32c0xx.o
                0x08000cc0                SystemInit
 .text.systick_init
                0x08000cd8       0x38 ./Core/Src/systick.o
                0x08000cd8                systick_init
 .text.systick_get_ms
                0x08000d10       0x14 ./Core/Src/systick.o
                0x08000d10                systick_get_ms
 .text.systick_handler
                0x08000d24       0x18 ./Core/Src/systick.o
                0x08000d24                systick_handler
 .text.compute_uart_bd
                0x08000d3c       0x26 ./Core/Src/uart.o
 *fill*         0x08000d62        0x2 
 .text.uart_init
                0x08000d64       0x94 ./Core/Src/uart.o
                0x08000d64                uart_init
 .text.uart_write_byte
                0x08000df8       0x28 ./Core/Src/uart.o
                0x08000df8                uart_write_byte
 .text.uart_write_string
                0x08000e20       0x2a ./Core/Src/uart.o
                0x08000e20                uart_write_string
 *fill*         0x08000e4a        0x2 
 .text.Reset_Handler
                0x08000e4c       0x50 ./Core/Startup/startup_stm32c071rbixn.o
                0x08000e4c                Reset_Handler
 .text.Default_Handler
                0x08000e9c        0x2 ./Core/Startup/startup_stm32c071rbixn.o
                0x08000e9c                TIM1_BRK_UP_TRG_COM_IRQHandler
                0x08000e9c                USB_DRD_FS_IRQHandler
                0x08000e9c                I2C1_IRQHandler
                0x08000e9c                RCC_CRS_IRQHandler
                0x08000e9c                SPI1_IRQHandler
                0x08000e9c                EXTI2_3_IRQHandler
                0x08000e9c                ADC1_IRQHandler
                0x08000e9c                I2C2_IRQHandler
                0x08000e9c                TIM17_IRQHandler
                0x08000e9c                RTC_IRQHandler
                0x08000e9c                PVD_VDDIO2_IRQHandler
                0x08000e9c                TIM16_IRQHandler
                0x08000e9c                TIM3_IRQHandler
                0x08000e9c                EXTI4_15_IRQHandler
                0x08000e9c                DMA1_Channel1_IRQHandler
                0x08000e9c                Default_Handler
                0x08000e9c                TIM14_IRQHandler
                0x08000e9c                EXTI0_1_IRQHandler
                0x08000e9c                SPI2_IRQHandler
                0x08000e9c                WWDG_IRQHandler
                0x08000e9c                TIM2_IRQHandler
                0x08000e9c                DMA1_Channel2_3_IRQHandler
                0x08000e9c                DMAMUX1_DMA1_CH4_5_IRQHandler
                0x08000e9c                USART2_IRQHandler
                0x08000e9c                FLASH_IRQHandler
                0x08000e9c                USART1_IRQHandler
                0x08000e9c                TIM1_CC_IRQHandler
 *fill*         0x08000e9e        0x2 
 .text.HAL_IncTick
                0x08000ea0       0x24 ./Drivers/STM32C0xx_HAL_Driver/Src/stm32c0xx_hal.o
                0x08000ea0                HAL_IncTick
 .text.memset   0x08000ec4       0x10 /Applications/STM32CubeIDE.app/Contents/Eclipse/plugins/com.st.stm32cube.ide.mcu.externaltools.gnu-tools-for-stm32.13.3.rel1.macos64_1.0.0.202411102158/tools/bin/../lib/gcc/arm-none-eabi/13.3.1/../../../../arm-none-eabi/lib/thumb/v6-m/nofp/libc_nano.a(libc_a-memset.o)
                0x08000ec4                memset
 .text.__libc_init_array
                0x08000ed4       0x48 /Applications/STM32CubeIDE.app/Contents/Eclipse/plugins/com.st.stm32cube.ide.mcu.externaltools.gnu-tools-for-stm32.13.3.rel1.macos64_1.0.0.202411102158/tools/bin/../lib/gcc/arm-none-eabi/13.3.1/../../../../arm-none-eabi/lib/thumb/v6-m/nofp/libc_nano.a(libc_a-init.o)
                0x08000ed4                __libc_init_array
 *(.glue_7)
 .glue_7        0x08000f1c        0x0 linker stubs
 *(.glue_7t)
 .glue_7t       0x08000f1c        0x0 linker stubs
 *(.eh_frame)
 .eh_frame      0x08000f1c        0x0 /Applications/STM32CubeIDE.app/Contents/Eclipse/plugins/com.st.stm32cube.ide.mcu.externaltools.gnu-tools-for-stm32.13.3.rel1.macos64_1.0.0.202411102158/tools/bin/../lib/gcc/arm-none-eabi/13.3.1/thumb/v6-m/nofp/crtbegin.o
 *(.init)
 .init          0x08000f1c        0x4 /Applications/STM32CubeIDE.app/Contents/Eclipse/plugins/com.st.stm32cube.ide.mcu.externaltools.gnu-tools-for-stm32.13.3.rel1.macos64_1.0.0.202411102158/tools/bin/../lib/gcc/arm-none-eabi/13.3.1/thumb/v6-m/nofp/crti.o
                0x08000f1c                _init
 .init          0x08000f20        0x8 /Applications/STM32CubeIDE.app/Contents/Eclipse/plugins/com.st.stm32cube.ide.mcu.externaltools.gnu-tools-for-stm32.13.3.rel1.macos64_1.0.0.202411102158/tools/bin/../lib/gcc/arm-none-eabi/13.3.1/thumb/v6-m/nofp/crtn.o
 *(.fini)
 .fini          0x08000f28        0x4 /Applications/STM32CubeIDE.app/Contents/Eclipse/plugins/com.st.stm32cube.ide.mcu.externaltools.gnu-tools-for-stm32.13.3.rel1.macos64_1.0.0.202411102158/tools/bin/../lib/gcc/arm-none-eabi/13.3.1/thumb/v6-m/nofp/crti.o
                0x08000f28                _fini
 .fini          0x08000f2c        0x8 /Applications/STM32CubeIDE.app/Contents/Eclipse/plugins/com.st.stm32cube.ide.mcu.externaltools.gnu-tools-for-stm32.13.3.rel1.macos64_1.0.0.202411102158/tools/bin/../lib/gcc/arm-none-eabi/13.3.1/thumb/v6-m/nofp/crtn.o
                0x08000f34                        . = ALIGN (0x4)
                0x08000f34                        _etext = .

.vfp11_veneer   0x08000f34        0x0
 .vfp11_veneer  0x08000f34        0x0 linker stubs

.v4_bx          0x08000f34        0x0
 .v4_bx         0x08000f34        0x0 linker stubs

.iplt           0x08000f34        0x0
 .iplt          0x08000f34        0x0 /Applications/STM32CubeIDE.app/Contents/Eclipse/plugins/com.st.stm32cube.ide.mcu.externaltools.gnu-tools-for-stm32.13.3.rel1.macos64_1.0.0.202411102158/tools/bin/../lib/gcc/arm-none-eabi/13.3.1/thumb/v6-m/nofp/crtbegin.o

.rodata         0x08000f34     0x10e8
                0x08000f34                        . = ALIGN (0x4)
 *(.rodata)
 .rodata        0x08000f34       0x63 ./Core/Src/gui.o
 *(.rodata*)
 *fill*         0x08000f97        0x1 
 .rodata.rom    0x08000f98     0x1000 ./Core/Src/bus.o
                0x08000f98                rom
 .rodata.cpu_step
                0x08001f98       0x84 ./Core/Src/cpu.o
                0x0800201c                        . = ALIGN (0x4)

.ARM.extab      0x0800201c        0x0
                0x0800201c                        . = ALIGN (0x4)
 *(.ARM.extab* .gnu.linkonce.armextab.*)
                0x0800201c                        . = ALIGN (0x4)

.ARM            0x0800201c        0x0
                0x0800201c                        . = ALIGN (0x4)
                0x0800201c                        __exidx_start = .
 *(.ARM.exidx*)
                0x0800201c                        __exidx_end = .
                0x0800201c                        . = ALIGN (0x4)

.preinit_array  0x0800201c        0x0
                0x0800201c                        . = ALIGN (0x4)
                0x0800201c                        PROVIDE (__preinit_array_start = .)
 *(.preinit_array*)
                0x0800201c                        PROVIDE (__preinit_array_end = .)
                0x0800201c                        . = ALIGN (0x4)

.init_array     0x0800201c        0x4
                0x0800201c                        . = ALIGN (0x4)
                0x0800201c                        PROVIDE (__init_array_start = .)
 *(SORT_BY_NAME(.init_array.*))
 *(.init_array*)
 .init_array    0x0800201c        0x4 /Applications/STM32CubeIDE.app/Contents/Eclipse/plugins/com.st.stm32cube.ide.mcu.externaltools.gnu-tools-for-stm32.13.3.rel1.macos64_1.0.0.202411102158/tools/bin/../lib/gcc/arm-none-eabi/13.3.1/thumb/v6-m/nofp/crtbegin.o
                0x08002020                        PROVIDE (__init_array_end = .)
                0x08002020                        . = ALIGN (0x4)

.fini_array     0x08002020        0x4
                0x08002020                        . = ALIGN (0x4)
                [!provide]                        PROVIDE (__fini_array_start = .)
 *(SORT_BY_NAME(.fini_array.*))
 *(.fini_array*)
 .fini_array    0x08002020        0x4 /Applications/STM32CubeIDE.app/Contents/Eclipse/plugins/com.st.stm32cube.ide.mcu.externaltools.gnu-tools-for-stm32.13.3.rel1.macos64_1.0.0.202411102158/tools/bin/../lib/gcc/arm-none-eabi/13.3.1/thumb/v6-m/nofp/crtbegin.o
                [!provide]                        PROVIDE (__fini_array_end = .)
                0x08002024                        . = ALIGN (0x4)
                0x08002024                        _sidata = LOADADDR (.data)

.rel.dyn        0x08002024        0x0
 .rel.iplt      0x08002024        0x0 /Applications/STM32CubeIDE.app/Contents/Eclipse/plugins/com.st.stm32cube.ide.mcu.externaltools.gnu-tools-for-stm32.13.3.rel1.macos64_1.0.0.202411102158/tools/bin/../lib/gcc/arm-none-eabi/13.3.1/thumb/v6-m/nofp/crtbegin.o

.data           0x20000000        0x4 load address 0x08002024
                0x20000000                        . = ALIGN (0x4)
                0x20000000                        _sdata = .
 *(.data)
 *(.data*)
 .data.uwTickFreq
                0x20000000        0x1 ./Drivers/STM32C0xx_HAL_Driver/Src/stm32c0xx_hal.o
                0x20000000                uwTickFreq
 *(.RamFunc)
 *(.RamFunc*)
                0x20000004                        . = ALIGN (0x4)
 *fill*         0x20000001        0x3 
                0x20000004                        _edata = .

.igot.plt       0x20000004        0x0 load address 0x08002028
 .igot.plt      0x20000004        0x0 /Applications/STM32CubeIDE.app/Contents/Eclipse/plugins/com.st.stm32cube.ide.mcu.externaltools.gnu-tools-for-stm32.13.3.rel1.macos64_1.0.0.202411102158/tools/bin/../lib/gcc/arm-none-eabi/13.3.1/thumb/v6-m/nofp/crtbegin.o
                0x20000004                        . = ALIGN (0x4)

.bss            0x20000008     0x5038 load address 0x08002028
                0x20000008                        _sbss = .
                0x20000008                        __bss_start__ = _sbss
 *(.bss)
 .bss           0x20000008       0x1c /Applications/STM32CubeIDE.app/Contents/Eclipse/plugins/com.st.stm32cube.ide.mcu.externaltools.gnu-tools-for-stm32.13.3.rel1.macos64_1.0.0.202411102158/tools/bin/../lib/gcc/arm-none-eabi/13.3.1/thumb/v6-m/nofp/crtbegin.o
 *(.bss*)
 .bss.cpu_ram   0x20000024     0x5000 ./Core/Src/bus.o
 *fill*         0x20005024        0x4 
 .bss.cpu       0x20005028       0x10 ./Core/Src/main.o
                0x20005028                cpu
 .bss.g_ms_ticks
                0x20005038        0x4 ./Core/Src/systick.o
 .bss.uwTick    0x2000503c        0x4 ./Drivers/STM32C0xx_HAL_Driver/Src/stm32c0xx_hal.o
                0x2000503c                uwTick
 *(COMMON)
                0x20005040                        . = ALIGN (0x4)
                0x20005040                        _ebss = .
                0x20005040                        __bss_end__ = _ebss

._user_heap_stack
                0x20005040      0x600 load address 0x08002028
                0x20005040                        . = ALIGN (0x8)
                [!provide]                        PROVIDE (end = .)
                0x20005040                        PROVIDE (_end = .)
                0x20005240                        . = (. + _Min_Heap_Size)
 *fill*         0x20005040      0x200 
                0x20005640                        . = (. + _Min_Stack_Size)
 *fill*         0x20005240      0x400 
                0x20005640                        . = ALIGN (0x8)

/DISCARD/
 libc.a(*)
 libm.a(*)
 libgcc.a(*)

.ARM.attributes
                0x00000000       0x28
 *(.ARM.attributes)
 .ARM.attributes
                0x00000000       0x1e /Applications/STM32CubeIDE.app/Contents/Eclipse/plugins/com.st.stm32cube.ide.mcu.externaltools.gnu-tools-for-stm32.13.3.rel1.macos64_1.0.0.202411102158/tools/bin/../lib/gcc/arm-none-eabi/13.3.1/thumb/v6-m/nofp/crti.o
 .ARM.attributes
                0x0000001e       0x2c /Applications/STM32CubeIDE.app/Contents/Eclipse/plugins/com.st.stm32cube.ide.mcu.externaltools.gnu-tools-for-stm32.13.3.rel1.macos64_1.0.0.202411102158/tools/bin/../lib/gcc/arm-none-eabi/13.3.1/thumb/v6-m/nofp/crtbegin.o
 .ARM.attributes
                0x0000004a       0x2c ./Core/Src/bus.o
 .ARM.attributes
                0x00000076       0x2c ./Core/Src/cpu.o
 .ARM.attributes
                0x000000a2       0x2c ./Core/Src/gpio.o
 .ARM.attributes
                0x000000ce       0x2c ./Core/Src/gui.o
 .ARM.attributes
                0x000000fa       0x2c ./Core/Src/main.o
 .ARM.attributes
                0x00000126       0x2c ./Core/Src/stm32c0xx_it.o
 .ARM.attributes
                0x00000152       0x2c ./Core/Src/system_stm32c0xx.o
 .ARM.attributes
                0x0000017e       0x2c ./Core/Src/systick.o
 .ARM.attributes
                0x000001aa       0x2c ./Core/Src/uart.o
 .ARM.attributes
                0x000001d6       0x22 ./Core/Startup/startup_stm32c071rbixn.o
 .ARM.attributes
                0x000001f8       0x2c ./Drivers/STM32C0xx_HAL_Driver/Src/stm32c0xx_hal.o
 .ARM.attributes
                0x00000224       0x2c /Applications/STM32CubeIDE.app/Contents/Eclipse/plugins/com.st.stm32cube.ide.mcu.externaltools.gnu-tools-for-stm32.13.3.rel1.macos64_1.0.0.202411102158/tools/bin/../lib/gcc/arm-none-eabi/13.3.1/../../../../arm-none-eabi/lib/thumb/v6-m/nofp/libc_nano.a(libc_a-memset.o)
 .ARM.attributes
                0x00000250       0x2c /Applications/STM32CubeIDE.app/Contents/Eclipse/plugins/com.st.stm32cube.ide.mcu.externaltools.gnu-tools-for-stm32.13.3.rel1.macos64_1.0.0.202411102158/tools/bin/../lib/gcc/arm-none-eabi/13.3.1/../../../../arm-none-eabi/lib/thumb/v6-m/nofp/libc_nano.a(libc_a-init.o)
 .ARM.attributes
                0x0000027c       0x1e /Applications/STM32CubeIDE.app/Contents/Eclipse/plugins/com.st.stm32cube.ide.mcu.externaltools.gnu-tools-for-stm32.13.3.rel1.macos64_1.0.0.202411102158/tools/bin/../lib/gcc/arm-none-eabi/13.3.1/thumb/v6-m/nofp/libgcc.a(_udivsi3.o)
 .ARM.attributes
                0x0000029a       0x1e /Applications/STM32CubeIDE.app/Contents/Eclipse/plugins/com.st.stm32cube.ide.mcu.externaltools.gnu-tools-for-stm32.13.3.rel1.macos64_1.0.0.202411102158/tools/bin/../lib/gcc/arm-none-eabi/13.3.1/thumb/v6-m/nofp/libgcc.a(_dvmd_tls.o)
 .ARM.attributes
                0x000002b8       0x1e /Applications/STM32CubeIDE.app/Contents/Eclipse/plugins/com.st.stm32cube.ide.mcu.externaltools.gnu-tools-for-stm32.13.3.rel1.macos64_1.0.0.202411102158/tools/bin/../lib/gcc/arm-none-eabi/13.3.1/thumb/v6-m/nofp/crtn.o
OUTPUT(6502_Emulator.elf elf32-littlearm)
LOAD linker stubs
LOAD /Applications/STM32CubeIDE.app/Contents/Eclipse/plugins/com.st.stm32cube.ide.mcu.externaltools.gnu-tools-for-stm32.13.3.rel1.macos64_1.0.0.202411102158/tools/bin/../lib/gcc/arm-none-eabi/13.3.1/../../../../arm-none-eabi/lib/thumb/v6-m/nofp/libc.a
LOAD /Applications/STM32CubeIDE.app/Contents/Eclipse/plugins/com.st.stm32cube.ide.mcu.externaltools.gnu-tools-for-stm32.13.3.rel1.macos64_1.0.0.202411102158/tools/bin/../lib/gcc/arm-none-eabi/13.3.1/../../../../arm-none-eabi/lib/thumb/v6-m/nofp/libm.a
LOAD /Applications/STM32CubeIDE.app/Contents/Eclipse/plugins/com.st.stm32cube.ide.mcu.externaltools.gnu-tools-for-stm32.13.3.rel1.macos64_1.0.0.202411102158/tools/bin/../lib/gcc/arm-none-eabi/13.3.1/thumb/v6-m/nofp/libgcc.a

.debug_info     0x00000000     0x2003
 .debug_info    0x00000000      0x1c4 ./Core/Src/bus.o
 .debug_info    0x000001c4      0x46d ./Core/Src/cpu.o
 .debug_info    0x00000631      0x2b6 ./Core/Src/gpio.o
 .debug_info    0x000008e7      0x26c ./Core/Src/gui.o
 .debug_info    0x00000b53      0x287 ./Core/Src/main.o
 .debug_info    0x00000dda       0xd3 ./Core/Src/stm32c0xx_it.o
 .debug_info    0x00000ead      0x381 ./Core/Src/system_stm32c0xx.o
 .debug_info    0x0000122e      0x14d ./Core/Src/systick.o
 .debug_info    0x0000137b      0x3fa ./Core/Src/uart.o
 .debug_info    0x00001775       0x30 ./Core/Startup/startup_stm32c071rbixn.o
 .debug_info    0x000017a5      0x85e ./Drivers/STM32C0xx_HAL_Driver/Src/stm32c0xx_hal.o

.debug_abbrev   0x00000000      0xcd8
 .debug_abbrev  0x00000000      0x116 ./Core/Src/bus.o
 .debug_abbrev  0x00000116      0x1b9 ./Core/Src/cpu.o
 .debug_abbrev  0x000002cf       0xe2 ./Core/Src/gpio.o
 .debug_abbrev  0x000003b1      0x15e ./Core/Src/gui.o
 .debug_abbrev  0x0000050f      0x131 ./Core/Src/main.o
 .debug_abbrev  0x00000640       0x73 ./Core/Src/stm32c0xx_it.o
 .debug_abbrev  0x000006b3      0x119 ./Core/Src/system_stm32c0xx.o
 .debug_abbrev  0x000007cc       0xfb ./Core/Src/systick.o
 .debug_abbrev  0x000008c7      0x122 ./Core/Src/uart.o
 .debug_abbrev  0x000009e9       0x24 ./Core/Startup/startup_stm32c071rbixn.o
 .debug_abbrev  0x00000a0d      0x2cb ./Drivers/STM32C0xx_HAL_Driver/Src/stm32c0xx_hal.o

.debug_aranges  0x00000000      0x310
 .debug_aranges
                0x00000000       0x30 ./Core/Src/bus.o
 .debug_aranges
                0x00000030       0x58 ./Core/Src/cpu.o
 .debug_aranges
                0x00000088       0x28 ./Core/Src/gpio.o
 .debug_aranges
                0x000000b0       0x40 ./Core/Src/gui.o
 .debug_aranges
                0x000000f0       0x28 ./Core/Src/main.o
 .debug_aranges
                0x00000118       0x40 ./Core/Src/stm32c0xx_it.o
 .debug_aranges
                0x00000158       0x28 ./Core/Src/system_stm32c0xx.o
 .debug_aranges
                0x00000180       0x30 ./Core/Src/systick.o
 .debug_aranges
                0x000001b0       0x38 ./Core/Src/uart.o
 .debug_aranges
                0x000001e8       0x28 ./Core/Startup/startup_stm32c071rbixn.o
 .debug_aranges
                0x00000210      0x100 ./Drivers/STM32C0xx_HAL_Driver/Src/stm32c0xx_hal.o

.debug_rnglists
                0x00000000      0x22b
 .debug_rnglists
                0x00000000       0x1f ./Core/Src/bus.o
 .debug_rnglists
                0x0000001f       0x4e ./Core/Src/cpu.o
 .debug_rnglists
                0x0000006d       0x19 ./Core/Src/gpio.o
 .debug_rnglists
                0x00000086       0x2c ./Core/Src/gui.o
 .debug_rnglists
                0x000000b2       0x1a ./Core/Src/main.o
 .debug_rnglists
                0x000000cc       0x2b ./Core/Src/stm32c0xx_it.o
 .debug_rnglists
                0x000000f7       0x1a ./Core/Src/system_stm32c0xx.o
 .debug_rnglists
                0x00000111       0x1f ./Core/Src/systick.o
 .debug_rnglists
                0x00000130       0x26 ./Core/Src/uart.o
 .debug_rnglists
                0x00000156       0x19 ./Core/Startup/startup_stm32c071rbixn.o
 .debug_rnglists
                0x0000016f       0xbc ./Drivers/STM32C0xx_HAL_Driver/Src/stm32c0xx_hal.o

.debug_macro    0x00000000    0x13b05
 .debug_macro   0x00000000      0x167 ./Core/Src/bus.o
 .debug_macro   0x00000167      0xaae ./Core/Src/bus.o
 .debug_macro   0x00000c15       0x22 ./Core/Src/bus.o
 .debug_macro   0x00000c37       0x8e ./Core/Src/bus.o
 .debug_macro   0x00000cc5       0x51 ./Core/Src/bus.o
 .debug_macro   0x00000d16      0x103 ./Core/Src/bus.o
 .debug_macro   0x00000e19       0x6a ./Core/Src/bus.o
 .debug_macro   0x00000e83      0x1df ./Core/Src/bus.o
 .debug_macro   0x00001062       0x61 ./Core/Src/bus.o
 .debug_macro   0x000010c3       0x24 ./Core/Src/bus.o
 .debug_macro   0x000010e7       0x43 ./Core/Src/bus.o
 .debug_macro   0x0000112a       0x34 ./Core/Src/bus.o
 .debug_macro   0x0000115e      0x190 ./Core/Src/bus.o
 .debug_macro   0x000012ee      0x370 ./Core/Src/bus.o
 .debug_macro   0x0000165e       0x16 ./Core/Src/bus.o
 .debug_macro   0x00001674       0x4a ./Core/Src/bus.o
 .debug_macro   0x000016be       0x34 ./Core/Src/bus.o
 .debug_macro   0x000016f2       0x10 ./Core/Src/bus.o
 .debug_macro   0x00001702       0x58 ./Core/Src/bus.o
 .debug_macro   0x0000175a       0x8e ./Core/Src/bus.o
 .debug_macro   0x000017e8       0x1c ./Core/Src/bus.o
 .debug_macro   0x00001804      0x185 ./Core/Src/bus.o
 .debug_macro   0x00001989       0x10 ./Core/Src/bus.o
 .debug_macro   0x00001999       0x3c ./Core/Src/bus.o
 .debug_macro   0x000019d5       0x20 ./Core/Src/bus.o
 .debug_macro   0x000019f5       0x22 ./Core/Src/bus.o
 .debug_macro   0x00001a17      0x153 ./Core/Src/cpu.o
 .debug_macro   0x00001b6a      0x1d9 ./Core/Src/gpio.o
 .debug_macro   0x00001d43       0x2e ./Core/Src/gpio.o
 .debug_macro   0x00001d71       0x28 ./Core/Src/gpio.o
 .debug_macro   0x00001d99       0x1c ./Core/Src/gpio.o
 .debug_macro   0x00001db5       0x22 ./Core/Src/gpio.o
 .debug_macro   0x00001dd7       0xd1 ./Core/Src/gpio.o
 .debug_macro   0x00001ea8      0x4da ./Core/Src/gpio.o
 .debug_macro   0x00002382      0x11f ./Core/Src/gpio.o
 .debug_macro   0x000024a1     0xa7e1 ./Core/Src/gpio.o
 .debug_macro   0x0000cc82       0x6d ./Core/Src/gpio.o
 .debug_macro   0x0000ccef      0x190 ./Core/Src/gpio.o
 .debug_macro   0x0000ce7f       0xdd ./Core/Src/gpio.o
 .debug_macro   0x0000cf5c     0x3440 ./Core/Src/gpio.o
 .debug_macro   0x0001039c       0x5b ./Core/Src/gpio.o
 .debug_macro   0x000103f7      0x422 ./Core/Src/gpio.o
 .debug_macro   0x00010819      0xd59 ./Core/Src/gpio.o
 .debug_macro   0x00011572      0x30c ./Core/Src/gpio.o
 .debug_macro   0x0001187e      0x15f ./Core/Src/gpio.o
 .debug_macro   0x000119dd      0x208 ./Core/Src/gpio.o
 .debug_macro   0x00011be5      0x2e2 ./Core/Src/gpio.o
 .debug_macro   0x00011ec7      0x18b ./Core/Src/gpio.o
 .debug_macro   0x00012052       0x43 ./Core/Src/gpio.o
 .debug_macro   0x00012095      0x1f1 ./Core/Src/gpio.o
 .debug_macro   0x00012286      0x1cf ./Core/Src/gpio.o
 .debug_macro   0x00012455      0x37c ./Core/Src/gpio.o
 .debug_macro   0x000127d1       0x28 ./Core/Src/gpio.o
 .debug_macro   0x000127f9       0xb3 ./Core/Src/gpio.o
 .debug_macro   0x000128ac      0x124 ./Core/Src/gpio.o
 .debug_macro   0x000129d0      0x1b0 ./Core/Src/gpio.o
 .debug_macro   0x00012b80      0x417 ./Core/Src/gpio.o
 .debug_macro   0x00012f97       0x8a ./Core/Src/gui.o
 .debug_macro   0x00013021      0x1f9 ./Core/Src/main.o
 .debug_macro   0x0001321a      0x1bc ./Core/Src/stm32c0xx_it.o
 .debug_macro   0x000133d6      0x1ae ./Core/Src/system_stm32c0xx.o
 .debug_macro   0x00013584      0x1cd ./Core/Src/systick.o
 .debug_macro   0x00013751      0x1ee ./Core/Src/uart.o
 .debug_macro   0x0001393f      0x1c6 ./Drivers/STM32C0xx_HAL_Driver/Src/stm32c0xx_hal.o

.debug_line     0x00000000     0x47bb
 .debug_line    0x00000000      0x5a8 ./Core/Src/bus.o
 .debug_line    0x000005a8      0x7c7 ./Core/Src/cpu.o
 .debug_line    0x00000d6f      0x6d8 ./Core/Src/gpio.o
 .debug_line    0x00001447      0x59d ./Core/Src/gui.o
 .debug_line    0x000019e4      0x73a ./Core/Src/main.o
 .debug_line    0x0000211e      0x701 ./Core/Src/stm32c0xx_it.o
 .debug_line    0x0000281f      0x708 ./Core/Src/system_stm32c0xx.o
 .debug_line    0x00002f27      0x6ec ./Core/Src/systick.o
 .debug_line    0x00003613      0x750 ./Core/Src/uart.o
 .debug_line    0x00003d63       0x7d ./Core/Startup/startup_stm32c071rbixn.o
 .debug_line    0x00003de0      0x9db ./Drivers/STM32C0xx_HAL_Driver/Src/stm32c0xx_hal.o

.debug_str      0x00000000    0x79a65
 .debug_str     0x00000000    0x79a65 ./Core/Src/bus.o
                               0x7301 (size before relaxing)
 .debug_str     0x00079a65     0x73a1 ./Core/Src/cpu.o
 .debug_str     0x00079a65    0x7610c ./Core/Src/gpio.o
 .debug_str     0x00079a65     0x3e1b ./Core/Src/gui.o
 .debug_str     0x00079a65    0x76176 ./Core/Src/main.o
 .debug_str     0x00079a65    0x75fb6 ./Core/Src/stm32c0xx_it.o
 .debug_str     0x00079a65    0x760af ./Core/Src/system_stm32c0xx.o
 .debug_str     0x00079a65    0x7604f ./Core/Src/systick.o
 .debug_str     0x00079a65    0x761f5 ./Core/Src/uart.o
 .debug_str     0x00079a65       0x8f ./Core/Startup/startup_stm32c071rbixn.o
 .debug_str     0x00079a65    0x766fc ./Drivers/STM32C0xx_HAL_Driver/Src/stm32c0xx_hal.o

.comment        0x00000000       0x43
 .comment       0x00000000       0x43 ./Core/Src/bus.o
                                 0x44 (size before relaxing)
 .comment       0x00000043       0x44 ./Core/Src/cpu.o
 .comment       0x00000043       0x44 ./Core/Src/gpio.o
 .comment       0x00000043       0x44 ./Core/Src/gui.o
 .comment       0x00000043       0x44 ./Core/Src/main.o
 .comment       0x00000043       0x44 ./Core/Src/stm32c0xx_it.o
 .comment       0x00000043       0x44 ./Core/Src/system_stm32c0xx.o
 .comment       0x00000043       0x44 ./Core/Src/systick.o
 .comment       0x00000043       0x44 ./Core/Src/uart.o
 .comment       0x00000043       0x44 ./Drivers/STM32C0xx_HAL_Driver/Src/stm32c0xx_hal.o

.debug_frame    0x00000000      0x884
 .debug_frame   0x00000000       0x6c ./Core/Src/bus.o
 .debug_frame   0x0000006c      0x118 ./Core/Src/cpu.o
 .debug_frame   0x00000184       0x4c ./Core/Src/gpio.o
 .debug_frame   0x000001d0       0xac ./Core/Src/gui.o
 .debug_frame   0x0000027c       0x54 ./Core/Src/main.o
 .debug_frame   0x000002d0       0x9c ./Core/Src/stm32c0xx_it.o
 .debug_frame   0x0000036c       0x4c ./Core/Src/system_stm32c0xx.o
 .debug_frame   0x000003b8       0x68 ./Core/Src/systick.o
 .debug_frame   0x00000420       0x90 ./Core/Src/uart.o
 .debug_frame   0x000004b0      0x368 ./Drivers/STM32C0xx_HAL_Driver/Src/stm32c0xx_hal.o
 .debug_frame   0x00000818       0x20 /Applications/STM32CubeIDE.app/Contents/Eclipse/plugins/com.st.stm32cube.ide.mcu.externaltools.gnu-tools-for-stm32.13.3.rel1.macos64_1.0.0.202411102158/tools/bin/../lib/gcc/arm-none-eabi/13.3.1/../../../../arm-none-eabi/lib/thumb/v6-m/nofp/libc_nano.a(libc_a-memset.o)
 .debug_frame   0x00000838       0x2c /Applications/STM32CubeIDE.app/Contents/Eclipse/plugins/com.st.stm32cube.ide.mcu.externaltools.gnu-tools-for-stm32.13.3.rel1.macos64_1.0.0.202411102158/tools/bin/../lib/gcc/arm-none-eabi/13.3.1/../../../../arm-none-eabi/lib/thumb/v6-m/nofp/libc_nano.a(libc_a-init.o)
 .debug_frame   0x00000864       0x20 /Applications/STM32CubeIDE.app/Contents/Eclipse/plugins/com.st.stm32cube.ide.mcu.externaltools.gnu-tools-for-stm32.13.3.rel1.macos64_1.0.0.202411102158/tools/bin/../lib/gcc/arm-none-eabi/13.3.1/thumb/v6-m/nofp/libgcc.a(_udivsi3.o)

.debug_line_str
                0x00000000       0x73
 .debug_line_str
                0x00000000       0x73 ./Core/Startup/startup_stm32c071rbixn.o
