23:03:49 **** Incremental Build of configuration Debug for project GameBoy_Reworked ****
make -j7 all 
arm-none-eabi-size  GameBoy_Reworked.elf 
   text	   data	    bss	    dec	    hex	filename
   6300	     96	   1904	   8300	   206c	GameBoy_Reworked.elf
Finished building: default.size.stdout
 
23:03:52 **** Incremental Build of configuration Debug for project GameBoy_Reworked ****
make -j7 all 
arm-none-eabi-size  GameBoy_Reworked.elf 
   text	   data	    bss	    dec	    hex	filename
   6300	     96	   1904	   8300	   206c	GameBoy_Reworked.elf
Finished building: default.size.stdout
 
23:06:51 **** Incremental Build of configuration Debug for project GameBoy_Reworked ****
make -j7 all 
arm-none-eabi-size  GameBoy_Reworked.elf 
   text	   data	    bss	    dec	    hex	filename
   6300	     96	   1904	   8300	   206c	GameBoy_Reworked.elf
Finished building: default.size.stdout
 
23:33:41 **** Incremental Build of configuration Debug for project GameBoy_Reworked ****
make -j7 all 
arm-none-eabi-gcc "../Core/peripherals/Src/adc.c" -mcpu=cortex-m4 -std=gnu11 -g3 -DDEBUG -DUSE_HAL_DRIVER -DSTM32F401xE -c -I../Core/Inc -I../Drivers/STM32F4xx_HAL_Driver/Inc -I../Drivers/STM32F4xx_HAL_Driver/Inc/Legacy -I../Drivers/CMSIS/Device/ST/STM32F4xx/Include -I../Drivers/CMSIS/Include -O0 -ffunction-sections -fdata-sections -Wall -fstack-usage -fcyclomatic-complexity -MMD -MP -MF"Core/peripherals/Src/adc.d" -MT"Core/peripherals/Src/adc.o" --specs=nano.specs -mfpu=fpv4-sp-d16 -mfloat-abi=hard -mthumb -o "Core/peripherals/Src/adc.o"
arm-none-eabi-gcc "../Core/drivers/src/joystick.c" -mcpu=cortex-m4 -std=gnu11 -g3 -DDEBUG -DUSE_HAL_DRIVER -DSTM32F401xE -c -I../Core/Inc -I../Drivers/STM32F4xx_HAL_Driver/Inc -I../Drivers/STM32F4xx_HAL_Driver/Inc/Legacy -I../Drivers/CMSIS/Device/ST/STM32F4xx/Include -I../Drivers/CMSIS/Include -O0 -ffunction-sections -fdata-sections -Wall -fstack-usage -fcyclomatic-complexity -MMD -MP -MF"Core/drivers/src/joystick.d" -MT"Core/drivers/src/joystick.o" --specs=nano.specs -mfpu=fpv4-sp-d16 -mfloat-abi=hard -mthumb -o "Core/drivers/src/joystick.o"
../Core/peripherals/Src/adc.c:9:10: fatal error: adc.h: No such file or directory
    9 | #include "adc.h"
      |          ^~~~~~~
compilation terminated.
make: *** [Core/peripherals/Src/subdir.mk:31: Core/peripherals/Src/adc.o] Error 1
make: *** Waiting for unfinished jobs....
"make -j7 all" terminated with exit code 2. Build might be incomplete.
23:33:51 **** Incremental Build of configuration Debug for project GameBoy_Reworked ****
make -j7 all 
arm-none-eabi-gcc "../Core/peripherals/Src/adc.c" -mcpu=cortex-m4 -std=gnu11 -g3 -DDEBUG -DUSE_HAL_DRIVER -DSTM32F401xE -c -I../Core/Inc -I../Drivers/STM32F4xx_HAL_Driver/Inc -I../Drivers/STM32F4xx_HAL_Driver/Inc/Legacy -I../Drivers/CMSIS/Device/ST/STM32F4xx/Include -I../Drivers/CMSIS/Include -O0 -ffunction-sections -fdata-sections -Wall -fstack-usage -fcyclomatic-complexity -MMD -MP -MF"Core/peripherals/Src/adc.d" -MT"Core/peripherals/Src/adc.o" --specs=nano.specs -mfpu=fpv4-sp-d16 -mfloat-abi=hard -mthumb -o "Core/peripherals/Src/adc.o"
arm-none-eabi-gcc -o "GameBoy_Reworked.elf" @"objects.list"   -mcpu=cortex-m4 -T"/Users/henryhungwy/STM32CubeIDE/workspace_1.19.0/6502/GameBoy_Reworked/STM32F401RETX_FLASH.ld" --specs=nosys.specs -Wl,-Map="GameBoy_Reworked.map" -Wl,--gc-sections -static --specs=nano.specs -mfpu=fpv4-sp-d16 -mfloat-abi=hard -mthumb -Wl,--start-group -lc -lm -Wl,--end-group
Finished building target: GameBoy_Reworked.elf
 
arm-none-eabi-size  GameBoy_Reworked.elf 
arm-none-eabi-objdump -h -S GameBoy_Reworked.elf  > "GameBoy_Reworked.list"
   text	   data	    bss	    dec	    hex	filename
   6244	     96	   1904	   8244	   2034	GameBoy_Reworked.elf
Finished building: default.size.stdout
 
Finished building: GameBoy_Reworked.list
 
23:39:28 **** Incremental Build of configuration Debug for project GameBoy_Reworked ****
make -j7 all 
arm-none-eabi-size  GameBoy_Reworked.elf 
   text	   data	    bss	    dec	    hex	filename
   6244	     96	   1904	   8244	   2034	GameBoy_Reworked.elf
Finished building: default.size.stdout
 
23:44:33 **** Incremental Build of configuration Debug for project GameBoy_Reworked ****
make -j7 all 
arm-none-eabi-gcc "../Core/drivers/src/joystick.c" -mcpu=cortex-m4 -std=gnu11 -g3 -DDEBUG -DUSE_HAL_DRIVER -DSTM32F401xE -c -I../Core/Inc -I../Drivers/STM32F4xx_HAL_Driver/Inc -I../Drivers/STM32F4xx_HAL_Driver/Inc/Legacy -I../Drivers/CMSIS/Device/ST/STM32F4xx/Include -I../Drivers/CMSIS/Include -O0 -ffunction-sections -fdata-sections -Wall -fstack-usage -fcyclomatic-complexity -MMD -MP -MF"Core/drivers/src/joystick.d" -MT"Core/drivers/src/joystick.o" --specs=nano.specs -mfpu=fpv4-sp-d16 -mfloat-abi=hard -mthumb -o "Core/drivers/src/joystick.o"
arm-none-eabi-gcc -o "GameBoy_Reworked.elf" @"objects.list"   -mcpu=cortex-m4 -T"/Users/henryhungwy/STM32CubeIDE/workspace_1.19.0/6502/GameBoy_Reworked/STM32F401RETX_FLASH.ld" --specs=nosys.specs -Wl,-Map="GameBoy_Reworked.map" -Wl,--gc-sections -static --specs=nano.specs -mfpu=fpv4-sp-d16 -mfloat-abi=hard -mthumb -Wl,--start-group -lc -lm -Wl,--end-group
Finished building target: GameBoy_Reworked.elf
 
arm-none-eabi-size  GameBoy_Reworked.elf 
arm-none-eabi-objdump -h -S GameBoy_Reworked.elf  > "GameBoy_Reworked.list"
   text	   data	    bss	    dec	    hex	filename
   6244	     96	   1904	   8244	   2034	GameBoy_Reworked.elf
Finished building: default.size.stdout
 
Finished building: GameBoy_Reworked.list
 
23:50:22 **** Incremental Build of configuration Debug for project GameBoy_Reworked ****
make -j7 all 
arm-none-eabi-gcc "../Core/peripherals/Src/adc.c" -mcpu=cortex-m4 -std=gnu11 -g3 -DDEBUG -DUSE_HAL_DRIVER -DSTM32F401xE -c -I../Core/Inc -I../Drivers/STM32F4xx_HAL_Driver/Inc -I../Drivers/STM32F4xx_HAL_Driver/Inc/Legacy -I../Drivers/CMSIS/Device/ST/STM32F4xx/Include -I../Drivers/CMSIS/Include -O0 -ffunction-sections -fdata-sections -Wall -fstack-usage -fcyclomatic-complexity -MMD -MP -MF"Core/peripherals/Src/adc.d" -MT"Core/peripherals/Src/adc.o" --specs=nano.specs -mfpu=fpv4-sp-d16 -mfloat-abi=hard -mthumb -o "Core/peripherals/Src/adc.o"
arm-none-eabi-gcc -o "GameBoy_Reworked.elf" @"objects.list"   -mcpu=cortex-m4 -T"/Users/henryhungwy/STM32CubeIDE/workspace_1.19.0/6502/GameBoy_Reworked/STM32F401RETX_FLASH.ld" --specs=nosys.specs -Wl,-Map="GameBoy_Reworked.map" -Wl,--gc-sections -static --specs=nano.specs -mfpu=fpv4-sp-d16 -mfloat-abi=hard -mthumb -Wl,--start-group -lc -lm -Wl,--end-group
Finished building target: GameBoy_Reworked.elf
 
arm-none-eabi-size  GameBoy_Reworked.elf 
arm-none-eabi-objdump -h -S GameBoy_Reworked.elf  > "GameBoy_Reworked.list"
   text	   data	    bss	    dec	    hex	filename
   6264	     96	   1904	   8264	   2048	GameBoy_Reworked.elf
Finished building: default.size.stdout
 
Finished building: GameBoy_Reworked.list
 
23:56:43 **** Incremental Build of configuration Debug for project GameBoy_Reworked ****
make -j7 all 
arm-none-eabi-gcc "../Core/peripherals/Src/adc.c" -mcpu=cortex-m4 -std=gnu11 -g3 -DDEBUG -DUSE_HAL_DRIVER -DSTM32F401xE -c -I../Core/Inc -I../Drivers/STM32F4xx_HAL_Driver/Inc -I../Drivers/STM32F4xx_HAL_Driver/Inc/Legacy -I../Drivers/CMSIS/Device/ST/STM32F4xx/Include -I../Drivers/CMSIS/Include -O0 -ffunction-sections -fdata-sections -Wall -fstack-usage -fcyclomatic-complexity -MMD -MP -MF"Core/peripherals/Src/adc.d" -MT"Core/peripherals/Src/adc.o" --specs=nano.specs -mfpu=fpv4-sp-d16 -mfloat-abi=hard -mthumb -o "Core/peripherals/Src/adc.o"
../Core/peripherals/Src/adc.c: In function 'adc_init':
../Core/peripherals/Src/adc.c:35:22: error: 'ADC_SEQ_LEN1' undeclared (first use in this function); did you mean 'ADC_SEQ_LEN_1'?
   35 |         ADC1->SQR1 |=ADC_SEQ_LEN1;
      |                      ^~~~~~~~~~~~
      |                      ADC_SEQ_LEN_1
../Core/peripherals/Src/adc.c:35:22: note: each undeclared identifier is reported only once for each function it appears in
make: *** [Core/peripherals/Src/subdir.mk:31: Core/peripherals/Src/adc.o] Error 1
"make -j7 all" terminated with exit code 2. Build might be incomplete.
23:57:01 **** Incremental Build of configuration Debug for project GameBoy_Reworked ****
make -j7 all 
arm-none-eabi-gcc "../Core/peripherals/Src/adc.c" -mcpu=cortex-m4 -std=gnu11 -g3 -DDEBUG -DUSE_HAL_DRIVER -DSTM32F401xE -c -I../Core/Inc -I../Drivers/STM32F4xx_HAL_Driver/Inc -I../Drivers/STM32F4xx_HAL_Driver/Inc/Legacy -I../Drivers/CMSIS/Device/ST/STM32F4xx/Include -I../Drivers/CMSIS/Include -O0 -ffunction-sections -fdata-sections -Wall -fstack-usage -fcyclomatic-complexity -MMD -MP -MF"Core/peripherals/Src/adc.d" -MT"Core/peripherals/Src/adc.o" --specs=nano.specs -mfpu=fpv4-sp-d16 -mfloat-abi=hard -mthumb -o "Core/peripherals/Src/adc.o"
arm-none-eabi-gcc -o "GameBoy_Reworked.elf" @"objects.list"   -mcpu=cortex-m4 -T"/Users/henryhungwy/STM32CubeIDE/workspace_1.19.0/6502/GameBoy_Reworked/STM32F401RETX_FLASH.ld" --specs=nosys.specs -Wl,-Map="GameBoy_Reworked.map" -Wl,--gc-sections -static --specs=nano.specs -mfpu=fpv4-sp-d16 -mfloat-abi=hard -mthumb -Wl,--start-group -lc -lm -Wl,--end-group
Finished building target: GameBoy_Reworked.elf
 
arm-none-eabi-size  GameBoy_Reworked.elf 
arm-none-eabi-objdump -h -S GameBoy_Reworked.elf  > "GameBoy_Reworked.list"
   text	   data	    bss	    dec	    hex	filename
   6300	     96	   1904	   8300	   206c	GameBoy_Reworked.elf
Finished building: default.size.stdout
 
Finished building: GameBoy_Reworked.list
 
23:58:03 **** Incremental Build of configuration Debug for project GameBoy_Reworked ****
make -j7 all 
arm-none-eabi-gcc "../Core/peripherals/Src/adc.c" -mcpu=cortex-m4 -std=gnu11 -g3 -DDEBUG -DUSE_HAL_DRIVER -DSTM32F401xE -c -I../Core/Inc -I../Drivers/STM32F4xx_HAL_Driver/Inc -I../Drivers/STM32F4xx_HAL_Driver/Inc/Legacy -I../Drivers/CMSIS/Device/ST/STM32F4xx/Include -I../Drivers/CMSIS/Include -O0 -ffunction-sections -fdata-sections -Wall -fstack-usage -fcyclomatic-complexity -MMD -MP -MF"Core/peripherals/Src/adc.d" -MT"Core/peripherals/Src/adc.o" --specs=nano.specs -mfpu=fpv4-sp-d16 -mfloat-abi=hard -mthumb -o "Core/peripherals/Src/adc.o"
arm-none-eabi-gcc -o "GameBoy_Reworked.elf" @"objects.list"   -mcpu=cortex-m4 -T"/Users/henryhungwy/STM32CubeIDE/workspace_1.19.0/6502/GameBoy_Reworked/STM32F401RETX_FLASH.ld" --specs=nosys.specs -Wl,-Map="GameBoy_Reworked.map" -Wl,--gc-sections -static --specs=nano.specs -mfpu=fpv4-sp-d16 -mfloat-abi=hard -mthumb -Wl,--start-group -lc -lm -Wl,--end-group
Finished building target: GameBoy_Reworked.elf
 
arm-none-eabi-size  GameBoy_Reworked.elf 
arm-none-eabi-objdump -h -S GameBoy_Reworked.elf  > "GameBoy_Reworked.list"
   text	   data	    bss	    dec	    hex	filename
   6276	     96	   1904	   8276	   2054	GameBoy_Reworked.elf
Finished building: default.size.stdout
 
Finished building: GameBoy_Reworked.list
 
00:00:37 **** Incremental Build of configuration Debug for project GameBoy_Reworked ****
make -j7 all 
arm-none-eabi-gcc "../Core/src/main.c" -mcpu=cortex-m4 -std=gnu11 -g3 -DDEBUG -DUSE_HAL_DRIVER -DSTM32F401xE -c -I../Core/Inc -I../Drivers/STM32F4xx_HAL_Driver/Inc -I../Drivers/STM32F4xx_HAL_Driver/Inc/Legacy -I../Drivers/CMSIS/Device/ST/STM32F4xx/Include -I../Drivers/CMSIS/Include -O0 -ffunction-sections -fdata-sections -Wall -fstack-usage -fcyclomatic-complexity -MMD -MP -MF"Core/src/main.d" -MT"Core/src/main.o" --specs=nano.specs -mfpu=fpv4-sp-d16 -mfloat-abi=hard -mthumb -o "Core/src/main.o"
arm-none-eabi-gcc "../Core/drivers/src/joystick.c" -mcpu=cortex-m4 -std=gnu11 -g3 -DDEBUG -DUSE_HAL_DRIVER -DSTM32F401xE -c -I../Core/Inc -I../Drivers/STM32F4xx_HAL_Driver/Inc -I../Drivers/STM32F4xx_HAL_Driver/Inc/Legacy -I../Drivers/CMSIS/Device/ST/STM32F4xx/Include -I../Drivers/CMSIS/Include -O0 -ffunction-sections -fdata-sections -Wall -fstack-usage -fcyclomatic-complexity -MMD -MP -MF"Core/drivers/src/joystick.d" -MT"Core/drivers/src/joystick.o" --specs=nano.specs -mfpu=fpv4-sp-d16 -mfloat-abi=hard -mthumb -o "Core/drivers/src/joystick.o"
arm-none-eabi-gcc -o "GameBoy_Reworked.elf" @"objects.list"   -mcpu=cortex-m4 -T"/Users/henryhungwy/STM32CubeIDE/workspace_1.19.0/6502/GameBoy_Reworked/STM32F401RETX_FLASH.ld" --specs=nosys.specs -Wl,-Map="GameBoy_Reworked.map" -Wl,--gc-sections -static --specs=nano.specs -mfpu=fpv4-sp-d16 -mfloat-abi=hard -mthumb -Wl,--start-group -lc -lm -Wl,--end-group
Finished building target: GameBoy_Reworked.elf
 
arm-none-eabi-size  GameBoy_Reworked.elf 
arm-none-eabi-objdump -h -S GameBoy_Reworked.elf  > "GameBoy_Reworked.list"
   text	   data	    bss	    dec	    hex	filename
   6272	     96	   1904	   8272	   2050	GameBoy_Reworked.elf
Finished building: default.size.stdout
 
Finished building: GameBoy_Reworked.list
 
20:24:13 **** Incremental Build of configuration Debug for project 6502_Emulator ****
make -j7 all 
arm-none-eabi-size  6502_Emulator.elf 
   text	   data	    bss	    dec	    hex	filename
   8388	      4	  22072	  30464	   7700	6502_Emulator.elf
Finished building: default.size.stdout
 
20:24:15 **** Incremental Build of configuration Debug for project GameBoy_Reworked ****
make -j7 all 
arm-none-eabi-gcc "../Core/src/main.c" -mcpu=cortex-m4 -std=gnu11 -g3 -DDEBUG -DUSE_HAL_DRIVER -DSTM32F401xE -c -I../Core/Inc -I../Drivers/STM32F4xx_HAL_Driver/Inc -I../Drivers/STM32F4xx_HAL_Driver/Inc/Legacy -I../Drivers/CMSIS/Device/ST/STM32F4xx/Include -I../Drivers/CMSIS/Include -O0 -ffunction-sections -fdata-sections -Wall -fstack-usage -fcyclomatic-complexity -MMD -MP -MF"Core/src/main.d" -MT"Core/src/main.o" --specs=nano.specs -mfpu=fpv4-sp-d16 -mfloat-abi=hard -mthumb -o "Core/src/main.o"
arm-none-eabi-gcc "../Core/peripherals/Src/adc.c" -mcpu=cortex-m4 -std=gnu11 -g3 -DDEBUG -DUSE_HAL_DRIVER -DSTM32F401xE -c -I../Core/Inc -I../Drivers/STM32F4xx_HAL_Driver/Inc -I../Drivers/STM32F4xx_HAL_Driver/Inc/Legacy -I../Drivers/CMSIS/Device/ST/STM32F4xx/Include -I../Drivers/CMSIS/Include -O0 -ffunction-sections -fdata-sections -Wall -fstack-usage -fcyclomatic-complexity -MMD -MP -MF"Core/peripherals/Src/adc.d" -MT"Core/peripherals/Src/adc.o" --specs=nano.specs -mfpu=fpv4-sp-d16 -mfloat-abi=hard -mthumb -o "Core/peripherals/Src/adc.o"
arm-none-eabi-gcc "../Core/peripherals/Src/engine.c" -mcpu=cortex-m4 -std=gnu11 -g3 -DDEBUG -DUSE_HAL_DRIVER -DSTM32F401xE -c -I../Core/Inc -I../Drivers/STM32F4xx_HAL_Driver/Inc -I../Drivers/STM32F4xx_HAL_Driver/Inc/Legacy -I../Drivers/CMSIS/Device/ST/STM32F4xx/Include -I../Drivers/CMSIS/Include -O0 -ffunction-sections -fdata-sections -Wall -fstack-usage -fcyclomatic-complexity -MMD -MP -MF"Core/peripherals/Src/engine.d" -MT"Core/peripherals/Src/engine.o" --specs=nano.specs -mfpu=fpv4-sp-d16 -mfloat-abi=hard -mthumb -o "Core/peripherals/Src/engine.o"
arm-none-eabi-gcc "../Core/peripherals/Src/i2c.c" -mcpu=cortex-m4 -std=gnu11 -g3 -DDEBUG -DUSE_HAL_DRIVER -DSTM32F401xE -c -I../Core/Inc -I../Drivers/STM32F4xx_HAL_Driver/Inc -I../Drivers/STM32F4xx_HAL_Driver/Inc/Legacy -I../Drivers/CMSIS/Device/ST/STM32F4xx/Include -I../Drivers/CMSIS/Include -O0 -ffunction-sections -fdata-sections -Wall -fstack-usage -fcyclomatic-complexity -MMD -MP -MF"Core/peripherals/Src/i2c.d" -MT"Core/peripherals/Src/i2c.o" --specs=nano.specs -mfpu=fpv4-sp-d16 -mfloat-abi=hard -mthumb -o "Core/peripherals/Src/i2c.o"
arm-none-eabi-gcc "../Core/peripherals/Src/spi.c" -mcpu=cortex-m4 -std=gnu11 -g3 -DDEBUG -DUSE_HAL_DRIVER -DSTM32F401xE -c -I../Core/Inc -I../Drivers/STM32F4xx_HAL_Driver/Inc -I../Drivers/STM32F4xx_HAL_Driver/Inc/Legacy -I../Drivers/CMSIS/Device/ST/STM32F4xx/Include -I../Drivers/CMSIS/Include -O0 -ffunction-sections -fdata-sections -Wall -fstack-usage -fcyclomatic-complexity -MMD -MP -MF"Core/peripherals/Src/spi.d" -MT"Core/peripherals/Src/spi.o" --specs=nano.specs -mfpu=fpv4-sp-d16 -mfloat-abi=hard -mthumb -o "Core/peripherals/Src/spi.o"
arm-none-eabi-gcc "../Core/peripherals/Src/tim.c" -mcpu=cortex-m4 -std=gnu11 -g3 -DDEBUG -DUSE_HAL_DRIVER -DSTM32F401xE -c -I../Core/Inc -I../Drivers/STM32F4xx_HAL_Driver/Inc -I../Drivers/STM32F4xx_HAL_Driver/Inc/Legacy -I../Drivers/CMSIS/Device/ST/STM32F4xx/Include -I../Drivers/CMSIS/Include -O0 -ffunction-sections -fdata-sections -Wall -fstack-usage -fcyclomatic-complexity -MMD -MP -MF"Core/peripherals/Src/tim.d" -MT"Core/peripherals/Src/tim.o" --specs=nano.specs -mfpu=fpv4-sp-d16 -mfloat-abi=hard -mthumb -o "Core/peripherals/Src/tim.o"
arm-none-eabi-gcc "../Core/peripherals/Src/uart.c" -mcpu=cortex-m4 -std=gnu11 -g3 -DDEBUG -DUSE_HAL_DRIVER -DSTM32F401xE -c -I../Core/Inc -I../Drivers/STM32F4xx_HAL_Driver/Inc -I../Drivers/STM32F4xx_HAL_Driver/Inc/Legacy -I../Drivers/CMSIS/Device/ST/STM32F4xx/Include -I../Drivers/CMSIS/Include -O0 -ffunction-sections -fdata-sections -Wall -fstack-usage -fcyclomatic-complexity -MMD -MP -MF"Core/peripherals/Src/uart.d" -MT"Core/peripherals/Src/uart.o" --specs=nano.specs -mfpu=fpv4-sp-d16 -mfloat-abi=hard -mthumb -o "Core/peripherals/Src/uart.o"
arm-none-eabi-gcc "../Core/drivers/src/button.c" -mcpu=cortex-m4 -std=gnu11 -g3 -DDEBUG -DUSE_HAL_DRIVER -DSTM32F401xE -c -I../Core/Inc -I../Drivers/STM32F4xx_HAL_Driver/Inc -I../Drivers/STM32F4xx_HAL_Driver/Inc/Legacy -I../Drivers/CMSIS/Device/ST/STM32F4xx/Include -I../Drivers/CMSIS/Include -O0 -ffunction-sections -fdata-sections -Wall -fstack-usage -fcyclomatic-complexity -MMD -MP -MF"Core/drivers/src/button.d" -MT"Core/drivers/src/button.o" --specs=nano.specs -mfpu=fpv4-sp-d16 -mfloat-abi=hard -mthumb -o "Core/drivers/src/button.o"
In file included from ../Core/src/../drivers/inc/joystick.h:13,
                 from ../Core/src/main.c:4:
../Core/src/../drivers/inc/../../peripherals/inc/gpio.h: In function 'gpio_init':
arm-none-eabi-gcc "../Core/drivers/src/ili9341.c" -mcpu=cortex-m4 -std=gnu11 -g3 -DDEBUG -DUSE_HAL_DRIVER -DSTM32F401xE -c -I../Core/Inc -I../Drivers/STM32F4xx_HAL_Driver/Inc -I../Drivers/STM32F4xx_HAL_Driver/Inc/Legacy -I../Drivers/CMSIS/Device/ST/STM32F4xx/Include -I../Drivers/CMSIS/Include -O0 -ffunction-sections -fdata-sections -Wall -fstack-usage -fcyclomatic-complexity -MMD -MP -MF"Core/drivers/src/ili9341.d" -MT"Core/drivers/src/ili9341.o" --specs=nano.specs -mfpu=fpv4-sp-d16 -mfloat-abi=hard -mthumb -o "Core/drivers/src/ili9341.o"
../Core/src/../drivers/inc/../../peripherals/inc/gpio.h:13:12: error: 'RCC_TypeDef' has no member named 'IOPENR'
   13 |         RCC->IOPENR|=GPIOAEN;
      |            ^~
../Core/peripherals/Src/spi.c: In function 'spi1_transmit':
../Core/peripherals/Src/spi.c:71:17: warning: variable 'temp' set but not used [-Wunused-but-set-variable]
   71 |         uint8_t temp;
      |                 ^~~~
../Core/src/../drivers/inc/../../peripherals/inc/gpio.h:13:22: error: 'GPIOAEN' undeclared (first use in this function); did you mean 'GPIOE'?
   13 |         RCC->IOPENR|=GPIOAEN;
      |                      ^~~~~~~
      |                      GPIOE
../Core/src/../drivers/inc/../../peripherals/inc/gpio.h:13:22: note: each undeclared identifier is reported only once for each function it appears in
../Core/src/../drivers/inc/../../peripherals/inc/gpio.h:14:12: error: 'RCC_TypeDef' has no member named 'IOPENR'
   14 |         RCC->IOPENR|=GPIOBEN;
      |            ^~
../Core/src/../drivers/inc/../../peripherals/inc/gpio.h:14:22: error: 'GPIOBEN' undeclared (first use in this function); did you mean 'GPIOB'?
   14 |         RCC->IOPENR|=GPIOBEN;
      |                      ^~~~~~~
      |                      GPIOB
../Core/src/main.c: In function 'gpio_toggle':
../Core/src/main.c:11:16: error: expected '=', ',', ';', 'asm' or '__attribute__' before '{' token
   11 | int main(void) {
      |                ^
../Core/src/../drivers/inc/../../peripherals/inc/gpio.h:27:6: warning: type of 'uin' defaults to 'int' [-Wimplicit-int]
   27 | void gpio_toggle(uin)
      |      ^~~~~~~~~~~
../Core/src/../drivers/inc/joystick.h:48:9: error: declaration for parameter 'joystick_read_direction' but no such parameter
   48 | uint8_t joystick_read_direction(uint8_t X_axis_ADC_channel, uint8_t Y_axis_ADC_channel);
      |         ^~~~~~~~~~~~~~~~~~~~~~~
../Core/src/../drivers/inc/joystick.h:47:6: error: declaration for parameter 'joystick_init' but no such parameter
   47 | void joystick_init(uint8_t X_axis_ADC_channel, uint8_t Y_axis_ADC_channel);
      |      ^~~~~~~~~~~~~
../Core/src/main.c:48: error: expected '{' at end of input
make: *** [Core/src/subdir.mk:34: Core/src/main.o] Error 1
make: *** Waiting for unfinished jobs....
../Core/drivers/src/button.c:8:10: fatal error: button.h: No such file or directory
    8 | #include "button.h"
      |          ^~~~~~~~~~
compilation terminated.
make: *** [Core/drivers/src/subdir.mk:25: Core/drivers/src/button.o] Error 1
"make -j7 all" terminated with exit code 2. Build might be incomplete.
20:24:16 **** Build of configuration Debug for project Gameboy_Rework2 ****
make -j7 all 
arm-none-eabi-gcc "../Drivers/STM32F4xx_HAL_Driver/Src/stm32f4xx_hal.c" -mcpu=cortex-m4 -std=gnu11 -g3 -DDEBUG -DUSE_HAL_DRIVER -DSTM32F401xE -c -I../Core/Inc -I../Drivers/STM32F4xx_HAL_Driver/Inc -I../Drivers/STM32F4xx_HAL_Driver/Inc/Legacy -I../Drivers/CMSIS/Device/ST/STM32F4xx/Include -I../Drivers/CMSIS/Include -O0 -ffunction-sections -fdata-sections -Wall -fstack-usage -fcyclomatic-complexity -MMD -MP -MF"Drivers/STM32F4xx_HAL_Driver/Src/stm32f4xx_hal.d" -MT"Drivers/STM32F4xx_HAL_Driver/Src/stm32f4xx_hal.o" --specs=nano.specs -mfpu=fpv4-sp-d16 -mfloat-abi=hard -mthumb -o "Drivers/STM32F4xx_HAL_Driver/Src/stm32f4xx_hal.o"
arm-none-eabi-gcc "../Drivers/STM32F4xx_HAL_Driver/Src/stm32f4xx_hal_cortex.c" -mcpu=cortex-m4 -std=gnu11 -g3 -DDEBUG -DUSE_HAL_DRIVER -DSTM32F401xE -c -I../Core/Inc -I../Drivers/STM32F4xx_HAL_Driver/Inc -I../Drivers/STM32F4xx_HAL_Driver/Inc/Legacy -I../Drivers/CMSIS/Device/ST/STM32F4xx/Include -I../Drivers/CMSIS/Include -O0 -ffunction-sections -fdata-sections -Wall -fstack-usage -fcyclomatic-complexity -MMD -MP -MF"Drivers/STM32F4xx_HAL_Driver/Src/stm32f4xx_hal_cortex.d" -MT"Drivers/STM32F4xx_HAL_Driver/Src/stm32f4xx_hal_cortex.o" --specs=nano.specs -mfpu=fpv4-sp-d16 -mfloat-abi=hard -mthumb -o "Drivers/STM32F4xx_HAL_Driver/Src/stm32f4xx_hal_cortex.o"
arm-none-eabi-gcc "../Drivers/STM32F4xx_HAL_Driver/Src/stm32f4xx_hal_dma.c" -mcpu=cortex-m4 -std=gnu11 -g3 -DDEBUG -DUSE_HAL_DRIVER -DSTM32F401xE -c -I../Core/Inc -I../Drivers/STM32F4xx_HAL_Driver/Inc -I../Drivers/STM32F4xx_HAL_Driver/Inc/Legacy -I../Drivers/CMSIS/Device/ST/STM32F4xx/Include -I../Drivers/CMSIS/Include -O0 -ffunction-sections -fdata-sections -Wall -fstack-usage -fcyclomatic-complexity -MMD -MP -MF"Drivers/STM32F4xx_HAL_Driver/Src/stm32f4xx_hal_dma.d" -MT"Drivers/STM32F4xx_HAL_Driver/Src/stm32f4xx_hal_dma.o" --specs=nano.specs -mfpu=fpv4-sp-d16 -mfloat-abi=hard -mthumb -o "Drivers/STM32F4xx_HAL_Driver/Src/stm32f4xx_hal_dma.o"
arm-none-eabi-gcc "../Drivers/STM32F4xx_HAL_Driver/Src/stm32f4xx_hal_dma_ex.c" -mcpu=cortex-m4 -std=gnu11 -g3 -DDEBUG -DUSE_HAL_DRIVER -DSTM32F401xE -c -I../Core/Inc -I../Drivers/STM32F4xx_HAL_Driver/Inc -I../Drivers/STM32F4xx_HAL_Driver/Inc/Legacy -I../Drivers/CMSIS/Device/ST/STM32F4xx/Include -I../Drivers/CMSIS/Include -O0 -ffunction-sections -fdata-sections -Wall -fstack-usage -fcyclomatic-complexity -MMD -MP -MF"Drivers/STM32F4xx_HAL_Driver/Src/stm32f4xx_hal_dma_ex.d" -MT"Drivers/STM32F4xx_HAL_Driver/Src/stm32f4xx_hal_dma_ex.o" --specs=nano.specs -mfpu=fpv4-sp-d16 -mfloat-abi=hard -mthumb -o "Drivers/STM32F4xx_HAL_Driver/Src/stm32f4xx_hal_dma_ex.o"
arm-none-eabi-gcc "../Drivers/STM32F4xx_HAL_Driver/Src/stm32f4xx_hal_exti.c" -mcpu=cortex-m4 -std=gnu11 -g3 -DDEBUG -DUSE_HAL_DRIVER -DSTM32F401xE -c -I../Core/Inc -I../Drivers/STM32F4xx_HAL_Driver/Inc -I../Drivers/STM32F4xx_HAL_Driver/Inc/Legacy -I../Drivers/CMSIS/Device/ST/STM32F4xx/Include -I../Drivers/CMSIS/Include -O0 -ffunction-sections -fdata-sections -Wall -fstack-usage -fcyclomatic-complexity -MMD -MP -MF"Drivers/STM32F4xx_HAL_Driver/Src/stm32f4xx_hal_exti.d" -MT"Drivers/STM32F4xx_HAL_Driver/Src/stm32f4xx_hal_exti.o" --specs=nano.specs -mfpu=fpv4-sp-d16 -mfloat-abi=hard -mthumb -o "Drivers/STM32F4xx_HAL_Driver/Src/stm32f4xx_hal_exti.o"
arm-none-eabi-gcc "../Drivers/STM32F4xx_HAL_Driver/Src/stm32f4xx_hal_flash.c" -mcpu=cortex-m4 -std=gnu11 -g3 -DDEBUG -DUSE_HAL_DRIVER -DSTM32F401xE -c -I../Core/Inc -I../Drivers/STM32F4xx_HAL_Driver/Inc -I../Drivers/STM32F4xx_HAL_Driver/Inc/Legacy -I../Drivers/CMSIS/Device/ST/STM32F4xx/Include -I../Drivers/CMSIS/Include -O0 -ffunction-sections -fdata-sections -Wall -fstack-usage -fcyclomatic-complexity -MMD -MP -MF"Drivers/STM32F4xx_HAL_Driver/Src/stm32f4xx_hal_flash.d" -MT"Drivers/STM32F4xx_HAL_Driver/Src/stm32f4xx_hal_flash.o" --specs=nano.specs -mfpu=fpv4-sp-d16 -mfloat-abi=hard -mthumb -o "Drivers/STM32F4xx_HAL_Driver/Src/stm32f4xx_hal_flash.o"
arm-none-eabi-gcc "../Drivers/STM32F4xx_HAL_Driver/Src/stm32f4xx_hal_flash_ex.c" -mcpu=cortex-m4 -std=gnu11 -g3 -DDEBUG -DUSE_HAL_DRIVER -DSTM32F401xE -c -I../Core/Inc -I../Drivers/STM32F4xx_HAL_Driver/Inc -I../Drivers/STM32F4xx_HAL_Driver/Inc/Legacy -I../Drivers/CMSIS/Device/ST/STM32F4xx/Include -I../Drivers/CMSIS/Include -O0 -ffunction-sections -fdata-sections -Wall -fstack-usage -fcyclomatic-complexity -MMD -MP -MF"Drivers/STM32F4xx_HAL_Driver/Src/stm32f4xx_hal_flash_ex.d" -MT"Drivers/STM32F4xx_HAL_Driver/Src/stm32f4xx_hal_flash_ex.o" --specs=nano.specs -mfpu=fpv4-sp-d16 -mfloat-abi=hard -mthumb -o "Drivers/STM32F4xx_HAL_Driver/Src/stm32f4xx_hal_flash_ex.o"
arm-none-eabi-gcc "../Drivers/STM32F4xx_HAL_Driver/Src/stm32f4xx_hal_flash_ramfunc.c" -mcpu=cortex-m4 -std=gnu11 -g3 -DDEBUG -DUSE_HAL_DRIVER -DSTM32F401xE -c -I../Core/Inc -I../Drivers/STM32F4xx_HAL_Driver/Inc -I../Drivers/STM32F4xx_HAL_Driver/Inc/Legacy -I../Drivers/CMSIS/Device/ST/STM32F4xx/Include -I../Drivers/CMSIS/Include -O0 -ffunction-sections -fdata-sections -Wall -fstack-usage -fcyclomatic-complexity -MMD -MP -MF"Drivers/STM32F4xx_HAL_Driver/Src/stm32f4xx_hal_flash_ramfunc.d" -MT"Drivers/STM32F4xx_HAL_Driver/Src/stm32f4xx_hal_flash_ramfunc.o" --specs=nano.specs -mfpu=fpv4-sp-d16 -mfloat-abi=hard -mthumb -o "Drivers/STM32F4xx_HAL_Driver/Src/stm32f4xx_hal_flash_ramfunc.o"
arm-none-eabi-gcc "../Drivers/STM32F4xx_HAL_Driver/Src/stm32f4xx_hal_gpio.c" -mcpu=cortex-m4 -std=gnu11 -g3 -DDEBUG -DUSE_HAL_DRIVER -DSTM32F401xE -c -I../Core/Inc -I../Drivers/STM32F4xx_HAL_Driver/Inc -I../Drivers/STM32F4xx_HAL_Driver/Inc/Legacy -I../Drivers/CMSIS/Device/ST/STM32F4xx/Include -I../Drivers/CMSIS/Include -O0 -ffunction-sections -fdata-sections -Wall -fstack-usage -fcyclomatic-complexity -MMD -MP -MF"Drivers/STM32F4xx_HAL_Driver/Src/stm32f4xx_hal_gpio.d" -MT"Drivers/STM32F4xx_HAL_Driver/Src/stm32f4xx_hal_gpio.o" --specs=nano.specs -mfpu=fpv4-sp-d16 -mfloat-abi=hard -mthumb -o "Drivers/STM32F4xx_HAL_Driver/Src/stm32f4xx_hal_gpio.o"
arm-none-eabi-gcc "../Drivers/STM32F4xx_HAL_Driver/Src/stm32f4xx_hal_pwr.c" -mcpu=cortex-m4 -std=gnu11 -g3 -DDEBUG -DUSE_HAL_DRIVER -DSTM32F401xE -c -I../Core/Inc -I../Drivers/STM32F4xx_HAL_Driver/Inc -I../Drivers/STM32F4xx_HAL_Driver/Inc/Legacy -I../Drivers/CMSIS/Device/ST/STM32F4xx/Include -I../Drivers/CMSIS/Include -O0 -ffunction-sections -fdata-sections -Wall -fstack-usage -fcyclomatic-complexity -MMD -MP -MF"Drivers/STM32F4xx_HAL_Driver/Src/stm32f4xx_hal_pwr.d" -MT"Drivers/STM32F4xx_HAL_Driver/Src/stm32f4xx_hal_pwr.o" --specs=nano.specs -mfpu=fpv4-sp-d16 -mfloat-abi=hard -mthumb -o "Drivers/STM32F4xx_HAL_Driver/Src/stm32f4xx_hal_pwr.o"
arm-none-eabi-gcc "../Drivers/STM32F4xx_HAL_Driver/Src/stm32f4xx_hal_pwr_ex.c" -mcpu=cortex-m4 -std=gnu11 -g3 -DDEBUG -DUSE_HAL_DRIVER -DSTM32F401xE -c -I../Core/Inc -I../Drivers/STM32F4xx_HAL_Driver/Inc -I../Drivers/STM32F4xx_HAL_Driver/Inc/Legacy -I../Drivers/CMSIS/Device/ST/STM32F4xx/Include -I../Drivers/CMSIS/Include -O0 -ffunction-sections -fdata-sections -Wall -fstack-usage -fcyclomatic-complexity -MMD -MP -MF"Drivers/STM32F4xx_HAL_Driver/Src/stm32f4xx_hal_pwr_ex.d" -MT"Drivers/STM32F4xx_HAL_Driver/Src/stm32f4xx_hal_pwr_ex.o" --specs=nano.specs -mfpu=fpv4-sp-d16 -mfloat-abi=hard -mthumb -o "Drivers/STM32F4xx_HAL_Driver/Src/stm32f4xx_hal_pwr_ex.o"
arm-none-eabi-gcc "../Drivers/STM32F4xx_HAL_Driver/Src/stm32f4xx_hal_rcc.c" -mcpu=cortex-m4 -std=gnu11 -g3 -DDEBUG -DUSE_HAL_DRIVER -DSTM32F401xE -c -I../Core/Inc -I../Drivers/STM32F4xx_HAL_Driver/Inc -I../Drivers/STM32F4xx_HAL_Driver/Inc/Legacy -I../Drivers/CMSIS/Device/ST/STM32F4xx/Include -I../Drivers/CMSIS/Include -O0 -ffunction-sections -fdata-sections -Wall -fstack-usage -fcyclomatic-complexity -MMD -MP -MF"Drivers/STM32F4xx_HAL_Driver/Src/stm32f4xx_hal_rcc.d" -MT"Drivers/STM32F4xx_HAL_Driver/Src/stm32f4xx_hal_rcc.o" --specs=nano.specs -mfpu=fpv4-sp-d16 -mfloat-abi=hard -mthumb -o "Drivers/STM32F4xx_HAL_Driver/Src/stm32f4xx_hal_rcc.o"
arm-none-eabi-gcc "../Drivers/STM32F4xx_HAL_Driver/Src/stm32f4xx_hal_rcc_ex.c" -mcpu=cortex-m4 -std=gnu11 -g3 -DDEBUG -DUSE_HAL_DRIVER -DSTM32F401xE -c -I../Core/Inc -I../Drivers/STM32F4xx_HAL_Driver/Inc -I../Drivers/STM32F4xx_HAL_Driver/Inc/Legacy -I../Drivers/CMSIS/Device/ST/STM32F4xx/Include -I../Drivers/CMSIS/Include -O0 -ffunction-sections -fdata-sections -Wall -fstack-usage -fcyclomatic-complexity -MMD -MP -MF"Drivers/STM32F4xx_HAL_Driver/Src/stm32f4xx_hal_rcc_ex.d" -MT"Drivers/STM32F4xx_HAL_Driver/Src/stm32f4xx_hal_rcc_ex.o" --specs=nano.specs -mfpu=fpv4-sp-d16 -mfloat-abi=hard -mthumb -o "Drivers/STM32F4xx_HAL_Driver/Src/stm32f4xx_hal_rcc_ex.o"
arm-none-eabi-gcc -mcpu=cortex-m4 -g3 -DDEBUG -c -x assembler-with-cpp -MMD -MP -MF"Core/Startup/startup_stm32f401retx.d" -MT"Core/Startup/startup_stm32f401retx.o" --specs=nano.specs -mfpu=fpv4-sp-d16 -mfloat-abi=hard -mthumb -o "Core/Startup/startup_stm32f401retx.o" "../Core/Startup/startup_stm32f401retx.s"
arm-none-eabi-gcc "../Core/Src/main.c" -mcpu=cortex-m4 -std=gnu11 -g3 -DDEBUG -DUSE_HAL_DRIVER -DSTM32F401xE -c -I../Core/Inc -I../Drivers/STM32F4xx_HAL_Driver/Inc -I../Drivers/STM32F4xx_HAL_Driver/Inc/Legacy -I../Drivers/CMSIS/Device/ST/STM32F4xx/Include -I../Drivers/CMSIS/Include -O0 -ffunction-sections -fdata-sections -Wall -fstack-usage -fcyclomatic-complexity -MMD -MP -MF"Core/Src/main.d" -MT"Core/Src/main.o" --specs=nano.specs -mfpu=fpv4-sp-d16 -mfloat-abi=hard -mthumb -o "Core/Src/main.o"
arm-none-eabi-gcc "../Core/Src/stm32f4xx_hal_msp.c" -mcpu=cortex-m4 -std=gnu11 -g3 -DDEBUG -DUSE_HAL_DRIVER -DSTM32F401xE -c -I../Core/Inc -I../Drivers/STM32F4xx_HAL_Driver/Inc -I../Drivers/STM32F4xx_HAL_Driver/Inc/Legacy -I../Drivers/CMSIS/Device/ST/STM32F4xx/Include -I../Drivers/CMSIS/Include -O0 -ffunction-sections -fdata-sections -Wall -fstack-usage -fcyclomatic-complexity -MMD -MP -MF"Core/Src/stm32f4xx_hal_msp.d" -MT"Core/Src/stm32f4xx_hal_msp.o" --specs=nano.specs -mfpu=fpv4-sp-d16 -mfloat-abi=hard -mthumb -o "Core/Src/stm32f4xx_hal_msp.o"
arm-none-eabi-gcc "../Core/Src/stm32f4xx_it.c" -mcpu=cortex-m4 -std=gnu11 -g3 -DDEBUG -DUSE_HAL_DRIVER -DSTM32F401xE -c -I../Core/Inc -I../Drivers/STM32F4xx_HAL_Driver/Inc -I../Drivers/STM32F4xx_HAL_Driver/Inc/Legacy -I../Drivers/CMSIS/Device/ST/STM32F4xx/Include -I../Drivers/CMSIS/Include -O0 -ffunction-sections -fdata-sections -Wall -fstack-usage -fcyclomatic-complexity -MMD -MP -MF"Core/Src/stm32f4xx_it.d" -MT"Core/Src/stm32f4xx_it.o" --specs=nano.specs -mfpu=fpv4-sp-d16 -mfloat-abi=hard -mthumb -o "Core/Src/stm32f4xx_it.o"
arm-none-eabi-gcc "../Core/Src/syscalls.c" -mcpu=cortex-m4 -std=gnu11 -g3 -DDEBUG -DUSE_HAL_DRIVER -DSTM32F401xE -c -I../Core/Inc -I../Drivers/STM32F4xx_HAL_Driver/Inc -I../Drivers/STM32F4xx_HAL_Driver/Inc/Legacy -I../Drivers/CMSIS/Device/ST/STM32F4xx/Include -I../Drivers/CMSIS/Include -O0 -ffunction-sections -fdata-sections -Wall -fstack-usage -fcyclomatic-complexity -MMD -MP -MF"Core/Src/syscalls.d" -MT"Core/Src/syscalls.o" --specs=nano.specs -mfpu=fpv4-sp-d16 -mfloat-abi=hard -mthumb -o "Core/Src/syscalls.o"
arm-none-eabi-gcc "../Core/Src/sysmem.c" -mcpu=cortex-m4 -std=gnu11 -g3 -DDEBUG -DUSE_HAL_DRIVER -DSTM32F401xE -c -I../Core/Inc -I../Drivers/STM32F4xx_HAL_Driver/Inc -I../Drivers/STM32F4xx_HAL_Driver/Inc/Legacy -I../Drivers/CMSIS/Device/ST/STM32F4xx/Include -I../Drivers/CMSIS/Include -O0 -ffunction-sections -fdata-sections -Wall -fstack-usage -fcyclomatic-complexity -MMD -MP -MF"Core/Src/sysmem.d" -MT"Core/Src/sysmem.o" --specs=nano.specs -mfpu=fpv4-sp-d16 -mfloat-abi=hard -mthumb -o "Core/Src/sysmem.o"
arm-none-eabi-gcc "../Core/Src/system_stm32f4xx.c" -mcpu=cortex-m4 -std=gnu11 -g3 -DDEBUG -DUSE_HAL_DRIVER -DSTM32F401xE -c -I../Core/Inc -I../Drivers/STM32F4xx_HAL_Driver/Inc -I../Drivers/STM32F4xx_HAL_Driver/Inc/Legacy -I../Drivers/CMSIS/Device/ST/STM32F4xx/Include -I../Drivers/CMSIS/Include -O0 -ffunction-sections -fdata-sections -Wall -fstack-usage -fcyclomatic-complexity -MMD -MP -MF"Core/Src/system_stm32f4xx.d" -MT"Core/Src/system_stm32f4xx.o" --specs=nano.specs -mfpu=fpv4-sp-d16 -mfloat-abi=hard -mthumb -o "Core/Src/system_stm32f4xx.o"
arm-none-eabi-g++ -o "Gameboy_Rework2.elf" @"objects.list"   -mcpu=cortex-m4 -T"/Users/henryhungwy/STM32CubeIDE/workspace_1.19.0/6502/Gameboy_Rework2/STM32F401RETX_FLASH.ld" --specs=nosys.specs -Wl,-Map="Gameboy_Rework2.map" -Wl,--gc-sections -static --specs=nano.specs -mfpu=fpv4-sp-d16 -mfloat-abi=hard -mthumb -Wl,--start-group -lc -lm -lstdc++ -lsupc++ -Wl,--end-group
Finished building target: Gameboy_Rework2.elf
 
arm-none-eabi-size  Gameboy_Rework2.elf 
arm-none-eabi-objdump -h -S Gameboy_Rework2.elf  > "Gameboy_Rework2.list"
   text	   data	    bss	    dec	    hex	filename
   4748	     12	   1572	   6332	   18bc	Gameboy_Rework2.elf
Finished building: default.size.stdout
 
Finished building: Gameboy_Rework2.list
 
20:45:03 **** Incremental Build of configuration Debug for project 6502_Emulator ****
make -j7 all 
arm-none-eabi-gcc "../Core/Src/main.c" -mcpu=cortex-m0plus -std=gnu11 -g3 -DDEBUG -DUSE_HAL_DRIVER -DSTM32C071xx -c -I../Core/Inc -I../Drivers/STM32C0xx_HAL_Driver/Inc -I../Drivers/STM32C0xx_HAL_Driver/Inc/Legacy -I../Drivers/CMSIS/Device/ST/STM32C0xx/Include -I../Drivers/CMSIS/Include -O0 -ffunction-sections -fdata-sections -Wall -fstack-usage -fcyclomatic-complexity -MMD -MP -MF"Core/Src/main.d" -MT"Core/Src/main.o" --specs=nano.specs -mfloat-abi=soft -mthumb -o "Core/Src/main.o"
arm-none-eabi-gcc -o "6502_Emulator.elf" @"objects.list"   -mcpu=cortex-m0plus -T"/Users/henryhungwy/STM32CubeIDE/workspace_1.19.0/6502/6502_Emulator/STM32C071RBIXN_FLASH.ld" --specs=nosys.specs -Wl,-Map="6502_Emulator.map" -Wl,--gc-sections -static --specs=nano.specs -mfloat-abi=soft -mthumb -Wl,--start-group -lc -lm -Wl,--end-group
Finished building target: 6502_Emulator.elf
 
arm-none-eabi-size  6502_Emulator.elf 
arm-none-eabi-objdump -h -S 6502_Emulator.elf  > "6502_Emulator.list"
   text	   data	    bss	    dec	    hex	filename
   8208	      4	  22072	  30284	   764c	6502_Emulator.elf
Finished building: default.size.stdout
 
Finished building: 6502_Emulator.list
 
20:49:35 **** Incremental Build of configuration Debug for project 6502_Emulator ****
make -j7 all 
arm-none-eabi-gcc "../Core/Src/main.c" -mcpu=cortex-m0plus -std=gnu11 -g3 -DDEBUG -DUSE_HAL_DRIVER -DSTM32C071xx -c -I../Core/Inc -I../Drivers/STM32C0xx_HAL_Driver/Inc -I../Drivers/STM32C0xx_HAL_Driver/Inc/Legacy -I../Drivers/CMSIS/Device/ST/STM32C0xx/Include -I../Drivers/CMSIS/Include -O0 -ffunction-sections -fdata-sections -Wall -fstack-usage -fcyclomatic-complexity -MMD -MP -MF"Core/Src/main.d" -MT"Core/Src/main.o" --specs=nano.specs -mfloat-abi=soft -mthumb -o "Core/Src/main.o"
arm-none-eabi-gcc "../Core/Src/systick.c" -mcpu=cortex-m0plus -std=gnu11 -g3 -DDEBUG -DUSE_HAL_DRIVER -DSTM32C071xx -c -I../Core/Inc -I../Drivers/STM32C0xx_HAL_Driver/Inc -I../Drivers/STM32C0xx_HAL_Driver/Inc/Legacy -I../Drivers/CMSIS/Device/ST/STM32C0xx/Include -I../Drivers/CMSIS/Include -O0 -ffunction-sections -fdata-sections -Wall -fstack-usage -fcyclomatic-complexity -MMD -MP -MF"Core/Src/systick.d" -MT"Core/Src/systick.o" --specs=nano.specs -mfloat-abi=soft -mthumb -o "Core/Src/systick.o"
arm-none-eabi-gcc -o "6502_Emulator.elf" @"objects.list"   -mcpu=cortex-m0plus -T"/Users/henryhungwy/STM32CubeIDE/workspace_1.19.0/6502/6502_Emulator/STM32C071RBIXN_FLASH.ld" --specs=nosys.specs -Wl,-Map="6502_Emulator.map" -Wl,--gc-sections -static --specs=nano.specs -mfloat-abi=soft -mthumb -Wl,--start-group -lc -lm -Wl,--end-group
Finished building target: 6502_Emulator.elf
 
arm-none-eabi-size  6502_Emulator.elf 
arm-none-eabi-objdump -h -S 6502_Emulator.elf  > "6502_Emulator.list"
   text	   data	    bss	    dec	    hex	filename
   8236	      4	  22072	  30312	   7668	6502_Emulator.elf
Finished building: default.size.stdout
 
Finished building: 6502_Emulator.list
 
20:50:42 **** Incremental Build of configuration Debug for project 6502_Emulator ****
make -j7 all 
arm-none-eabi-gcc "../Core/Src/main.c" -mcpu=cortex-m0plus -std=gnu11 -g3 -DDEBUG -DUSE_HAL_DRIVER -DSTM32C071xx -c -I../Core/Inc -I../Drivers/STM32C0xx_HAL_Driver/Inc -I../Drivers/STM32C0xx_HAL_Driver/Inc/Legacy -I../Drivers/CMSIS/Device/ST/STM32C0xx/Include -I../Drivers/CMSIS/Include -O0 -ffunction-sections -fdata-sections -Wall -fstack-usage -fcyclomatic-complexity -MMD -MP -MF"Core/Src/main.d" -MT"Core/Src/main.o" --specs=nano.specs -mfloat-abi=soft -mthumb -o "Core/Src/main.o"
arm-none-eabi-gcc -o "6502_Emulator.elf" @"objects.list"   -mcpu=cortex-m0plus -T"/Users/henryhungwy/STM32CubeIDE/workspace_1.19.0/6502/6502_Emulator/STM32C071RBIXN_FLASH.ld" --specs=nosys.specs -Wl,-Map="6502_Emulator.map" -Wl,--gc-sections -static --specs=nano.specs -mfloat-abi=soft -mthumb -Wl,--start-group -lc -lm -Wl,--end-group
Finished building target: 6502_Emulator.elf
 
arm-none-eabi-size  6502_Emulator.elf 
arm-none-eabi-objdump -h -S 6502_Emulator.elf  > "6502_Emulator.list"
   text	   data	    bss	    dec	    hex	filename
   8228	      4	  22072	  30304	   7660	6502_Emulator.elf
Finished building: default.size.stdout
 
Finished building: 6502_Emulator.list
 
20:53:54 **** Incremental Build of configuration Debug for project 6502_Emulator ****
make -j7 all 
arm-none-eabi-gcc "../Core/Src/bus.c" -mcpu=cortex-m0plus -std=gnu11 -g3 -DDEBUG -DUSE_HAL_DRIVER -DSTM32C071xx -c -I../Core/Inc -I../Drivers/STM32C0xx_HAL_Driver/Inc -I../Drivers/STM32C0xx_HAL_Driver/Inc/Legacy -I../Drivers/CMSIS/Device/ST/STM32C0xx/Include -I../Drivers/CMSIS/Include -O0 -ffunction-sections -fdata-sections -Wall -fstack-usage -fcyclomatic-complexity -MMD -MP -MF"Core/Src/bus.d" -MT"Core/Src/bus.o" --specs=nano.specs -mfloat-abi=soft -mthumb -o "Core/Src/bus.o"
arm-none-eabi-gcc "../Core/Src/main.c" -mcpu=cortex-m0plus -std=gnu11 -g3 -DDEBUG -DUSE_HAL_DRIVER -DSTM32C071xx -c -I../Core/Inc -I../Drivers/STM32C0xx_HAL_Driver/Inc -I../Drivers/STM32C0xx_HAL_Driver/Inc/Legacy -I../Drivers/CMSIS/Device/ST/STM32C0xx/Include -I../Drivers/CMSIS/Include -O0 -ffunction-sections -fdata-sections -Wall -fstack-usage -fcyclomatic-complexity -MMD -MP -MF"Core/Src/main.d" -MT"Core/Src/main.o" --specs=nano.specs -mfloat-abi=soft -mthumb -o "Core/Src/main.o"
In file included from ../Core/Src/bus.c:3:
../Core/Inc/rom.h:25:12: warning: unsigned conversion from 'int' to 'unsigned char' changes value from '-141' to '115' [-Woverflow]
   25 |     [0x01E]-0x8D, [0x01F]=0x00, [0x020]=0x80, //STA $8000
      |            ^
../Core/Inc/rom.h:27:12: warning: unsigned conversion from 'int' to 'unsigned char' changes value from '-169' to '87' [-Woverflow]
   27 |     [0x023]-0xA9, [0x024]-0x00,
      |            ^
arm-none-eabi-gcc -o "6502_Emulator.elf" @"objects.list"   -mcpu=cortex-m0plus -T"/Users/henryhungwy/STM32CubeIDE/workspace_1.19.0/6502/6502_Emulator/STM32C071RBIXN_FLASH.ld" --specs=nosys.specs -Wl,-Map="6502_Emulator.map" -Wl,--gc-sections -static --specs=nano.specs -mfloat-abi=soft -mthumb -Wl,--start-group -lc -lm -Wl,--end-group
Finished building target: 6502_Emulator.elf
 
arm-none-eabi-size  6502_Emulator.elf 
arm-none-eabi-objdump -h -S 6502_Emulator.elf  > "6502_Emulator.list"
   text	   data	    bss	    dec	    hex	filename
   8228	      4	  22072	  30304	   7660	6502_Emulator.elf
Finished building: default.size.stdout
 
Finished building: 6502_Emulator.list
 
21:00:15 **** Incremental Build of configuration Debug for project 6502_Emulator ****
make -j7 all 
arm-none-eabi-gcc "../Core/Src/bus.c" -mcpu=cortex-m0plus -std=gnu11 -g3 -DDEBUG -DUSE_HAL_DRIVER -DSTM32C071xx -c -I../Core/Inc -I../Drivers/STM32C0xx_HAL_Driver/Inc -I../Drivers/STM32C0xx_HAL_Driver/Inc/Legacy -I../Drivers/CMSIS/Device/ST/STM32C0xx/Include -I../Drivers/CMSIS/Include -O0 -ffunction-sections -fdata-sections -Wall -fstack-usage -fcyclomatic-complexity -MMD -MP -MF"Core/Src/bus.d" -MT"Core/Src/bus.o" --specs=nano.specs -mfloat-abi=soft -mthumb -o "Core/Src/bus.o"
In file included from ../Core/Src/bus.c:3:
../Core/Inc/rom.h:24:12: warning: unsigned conversion from 'int' to 'unsigned char' changes value from '-141' to '115' [-Woverflow]
   24 |     [0x01E]-0x8D, [0x01F]=0x00, [0x020]=0x80, //STA $8000
      |            ^
../Core/Inc/rom.h:26:12: warning: unsigned conversion from 'int' to 'unsigned char' changes value from '-169' to '87' [-Woverflow]
   26 |     [0x023]-0xA9, [0x024]-0x00,
      |            ^
arm-none-eabi-gcc -o "6502_Emulator.elf" @"objects.list"   -mcpu=cortex-m0plus -T"/Users/henryhungwy/STM32CubeIDE/workspace_1.19.0/6502/6502_Emulator/STM32C071RBIXN_FLASH.ld" --specs=nosys.specs -Wl,-Map="6502_Emulator.map" -Wl,--gc-sections -static --specs=nano.specs -mfloat-abi=soft -mthumb -Wl,--start-group -lc -lm -Wl,--end-group
Finished building target: 6502_Emulator.elf
 
arm-none-eabi-size  6502_Emulator.elf 
arm-none-eabi-objdump -h -S 6502_Emulator.elf  > "6502_Emulator.list"
   text	   data	    bss	    dec	    hex	filename
   8228	      4	  22072	  30304	   7660	6502_Emulator.elf
Finished building: default.size.stdout
 
Finished building: 6502_Emulator.list
 
21:08:44 **** Incremental Build of configuration Debug for project 6502_Emulator ****
make -j7 all 
arm-none-eabi-gcc "../Core/Src/bus.c" -mcpu=cortex-m0plus -std=gnu11 -g3 -DDEBUG -DUSE_HAL_DRIVER -DSTM32C071xx -c -I../Core/Inc -I../Drivers/STM32C0xx_HAL_Driver/Inc -I../Drivers/STM32C0xx_HAL_Driver/Inc/Legacy -I../Drivers/CMSIS/Device/ST/STM32C0xx/Include -I../Drivers/CMSIS/Include -O0 -ffunction-sections -fdata-sections -Wall -fstack-usage -fcyclomatic-complexity -MMD -MP -MF"Core/Src/bus.d" -MT"Core/Src/bus.o" --specs=nano.specs -mfloat-abi=soft -mthumb -o "Core/Src/bus.o"
In file included from ../Core/Src/bus.c:3:
../Core/Inc/rom.h:24:12: warning: unsigned conversion from 'int' to 'unsigned char' changes value from '-141' to '115' [-Woverflow]
   24 |     [0x01E]-0x8D, [0x01F]=0x00, [0x020]=0x80, //STA $8000
      |            ^
../Core/Inc/rom.h:26:12: warning: unsigned conversion from 'int' to 'unsigned char' changes value from '-169' to '87' [-Woverflow]
   26 |     [0x023]-0xA9, [0x024]-0x00,
      |            ^
arm-none-eabi-gcc -o "6502_Emulator.elf" @"objects.list"   -mcpu=cortex-m0plus -T"/Users/henryhungwy/STM32CubeIDE/workspace_1.19.0/6502/6502_Emulator/STM32C071RBIXN_FLASH.ld" --specs=nosys.specs -Wl,-Map="6502_Emulator.map" -Wl,--gc-sections -static --specs=nano.specs -mfloat-abi=soft -mthumb -Wl,--start-group -lc -lm -Wl,--end-group
Finished building target: 6502_Emulator.elf
 
arm-none-eabi-size  6502_Emulator.elf 
arm-none-eabi-objdump -h -S 6502_Emulator.elf  > "6502_Emulator.list"
   text	   data	    bss	    dec	    hex	filename
   8228	      4	  22072	  30304	   7660	6502_Emulator.elf
Finished building: default.size.stdout
 
Finished building: 6502_Emulator.list
 
21:14:50 **** Incremental Build of configuration Debug for project 6502_Emulator ****
make -j7 all 
arm-none-eabi-gcc "../Core/Src/bus.c" -mcpu=cortex-m0plus -std=gnu11 -g3 -DDEBUG -DUSE_HAL_DRIVER -DSTM32C071xx -c -I../Core/Inc -I../Drivers/STM32C0xx_HAL_Driver/Inc -I../Drivers/STM32C0xx_HAL_Driver/Inc/Legacy -I../Drivers/CMSIS/Device/ST/STM32C0xx/Include -I../Drivers/CMSIS/Include -O0 -ffunction-sections -fdata-sections -Wall -fstack-usage -fcyclomatic-complexity -MMD -MP -MF"Core/Src/bus.d" -MT"Core/Src/bus.o" --specs=nano.specs -mfloat-abi=soft -mthumb -o "Core/Src/bus.o"
arm-none-eabi-gcc "../Core/Src/gui.c" -mcpu=cortex-m0plus -std=gnu11 -g3 -DDEBUG -DUSE_HAL_DRIVER -DSTM32C071xx -c -I../Core/Inc -I../Drivers/STM32C0xx_HAL_Driver/Inc -I../Drivers/STM32C0xx_HAL_Driver/Inc/Legacy -I../Drivers/CMSIS/Device/ST/STM32C0xx/Include -I../Drivers/CMSIS/Include -O0 -ffunction-sections -fdata-sections -Wall -fstack-usage -fcyclomatic-complexity -MMD -MP -MF"Core/Src/gui.d" -MT"Core/Src/gui.o" --specs=nano.specs -mfloat-abi=soft -mthumb -o "Core/Src/gui.o"
arm-none-eabi-gcc "../Core/Src/main.c" -mcpu=cortex-m0plus -std=gnu11 -g3 -DDEBUG -DUSE_HAL_DRIVER -DSTM32C071xx -c -I../Core/Inc -I../Drivers/STM32C0xx_HAL_Driver/Inc -I../Drivers/STM32C0xx_HAL_Driver/Inc/Legacy -I../Drivers/CMSIS/Device/ST/STM32C0xx/Include -I../Drivers/CMSIS/Include -O0 -ffunction-sections -fdata-sections -Wall -fstack-usage -fcyclomatic-complexity -MMD -MP -MF"Core/Src/main.d" -MT"Core/Src/main.o" --specs=nano.specs -mfloat-abi=soft -mthumb -o "Core/Src/main.o"
arm-none-eabi-gcc "../Core/Src/uart.c" -mcpu=cortex-m0plus -std=gnu11 -g3 -DDEBUG -DUSE_HAL_DRIVER -DSTM32C071xx -c -I../Core/Inc -I../Drivers/STM32C0xx_HAL_Driver/Inc -I../Drivers/STM32C0xx_HAL_Driver/Inc/Legacy -I../Drivers/CMSIS/Device/ST/STM32C0xx/Include -I../Drivers/CMSIS/Include -O0 -ffunction-sections -fdata-sections -Wall -fstack-usage -fcyclomatic-complexity -MMD -MP -MF"Core/Src/uart.d" -MT"Core/Src/uart.o" --specs=nano.specs -mfloat-abi=soft -mthumb -o "Core/Src/uart.o"
In file included from ../Core/Src/bus.c:3:
../Core/Inc/rom.h:24:12: warning: unsigned conversion from 'int' to 'unsigned char' changes value from '-141' to '115' [-Woverflow]
   24 |     [0x01E]-0x8D, [0x01F]=0x00, [0x020]=0x80, //STA $8000
      |            ^
../Core/Inc/rom.h:26:12: warning: unsigned conversion from 'int' to 'unsigned char' changes value from '-169' to '87' [-Woverflow]
   26 |     [0x023]-0xA9, [0x024]-0x00,
      |            ^
arm-none-eabi-gcc -o "6502_Emulator.elf" @"objects.list"   -mcpu=cortex-m0plus -T"/Users/henryhungwy/STM32CubeIDE/workspace_1.19.0/6502/6502_Emulator/STM32C071RBIXN_FLASH.ld" --specs=nosys.specs -Wl,-Map="6502_Emulator.map" -Wl,--gc-sections -static --specs=nano.specs -mfloat-abi=soft -mthumb -Wl,--start-group -lc -lm -Wl,--end-group
Finished building target: 6502_Emulator.elf
 
arm-none-eabi-size  6502_Emulator.elf 
arm-none-eabi-objdump -h -S 6502_Emulator.elf  > "6502_Emulator.list"
   text	   data	    bss	    dec	    hex	filename
   8228	      4	  22072	  30304	   7660	6502_Emulator.elf
Finished building: default.size.stdout
 
Finished building: 6502_Emulator.list
 
